Archive member included to satisfy reference by file (symbol)

c:/nxp/mcuxpressoide_11.2.0_4120/ide/plugins/com.nxp.mcuxpresso.tools.win32_11.2.0.202001021529/tools/bin/../lib/gcc/arm-none-eabi/9.2.1/../../../../arm-none-eabi/lib/thumb/v6-m/nofp\libcr_nohost_nf.a(_cr__main.o)
                              ./startup/startup_mkl25z4.o (__main)
c:/nxp/mcuxpressoide_11.2.0_4120/ide/plugins/com.nxp.mcuxpresso.tools.win32_11.2.0.202001021529/tools/bin/../lib/gcc/arm-none-eabi/9.2.1/../../../../arm-none-eabi/lib/thumb/v6-m/nofp\libcr_c.a(memcpy.o)
                              ./drivers/fsl_flash.o (memcpy)
c:/nxp/mcuxpressoide_11.2.0_4120/ide/plugins/com.nxp.mcuxpresso.tools.win32_11.2.0.202001021529/tools/bin/../lib/gcc/arm-none-eabi/9.2.1/../../../../arm-none-eabi/lib/thumb/v6-m/nofp\libcr_c.a(memset.o)
                              ./drivers/fsl_flash.o (memset)
c:/nxp/mcuxpressoide_11.2.0_4120/ide/plugins/com.nxp.mcuxpresso.tools.win32_11.2.0.202001021529/tools/bin/../lib/gcc/arm-none-eabi/9.2.1/../../../../arm-none-eabi/lib/thumb/v6-m/nofp\libcr_c.a(initio.o)
                              c:/nxp/mcuxpressoide_11.2.0_4120/ide/plugins/com.nxp.mcuxpresso.tools.win32_11.2.0.202001021529/tools/bin/../lib/gcc/arm-none-eabi/9.2.1/../../../../arm-none-eabi/lib/thumb/v6-m/nofp\libcr_nohost_nf.a(_cr__main.o) (_initio)
c:/nxp/mcuxpressoide_11.2.0_4120/ide/plugins/com.nxp.mcuxpresso.tools.win32_11.2.0.202001021529/tools/bin/../lib/gcc/arm-none-eabi/9.2.1/../../../../arm-none-eabi/lib/thumb/v6-m/nofp\libcr_c.a(setvbuf.o)
                              c:/nxp/mcuxpressoide_11.2.0_4120/ide/plugins/com.nxp.mcuxpresso.tools.win32_11.2.0.202001021529/tools/bin/../lib/gcc/arm-none-eabi/9.2.1/../../../../arm-none-eabi/lib/thumb/v6-m/nofp\libcr_c.a(initio.o) (setvbuf)
c:/nxp/mcuxpressoide_11.2.0_4120/ide/plugins/com.nxp.mcuxpresso.tools.win32_11.2.0.202001021529/tools/bin/../lib/gcc/arm-none-eabi/9.2.1/../../../../arm-none-eabi/lib/thumb/v6-m/nofp\libcr_c.a(strlen.o)
                              ./utilities/fsl_debug_console.o (strlen)
c:/nxp/mcuxpressoide_11.2.0_4120/ide/plugins/com.nxp.mcuxpresso.tools.win32_11.2.0.202001021529/tools/bin/../lib/gcc/arm-none-eabi/9.2.1/../../../../arm-none-eabi/lib/thumb/v6-m/nofp\libcr_c.a(_fdopen.o)
                              c:/nxp/mcuxpressoide_11.2.0_4120/ide/plugins/com.nxp.mcuxpresso.tools.win32_11.2.0.202001021529/tools/bin/../lib/gcc/arm-none-eabi/9.2.1/../../../../arm-none-eabi/lib/thumb/v6-m/nofp\libcr_c.a(initio.o) (_fdopen)
c:/nxp/mcuxpressoide_11.2.0_4120/ide/plugins/com.nxp.mcuxpresso.tools.win32_11.2.0.202001021529/tools/bin/../lib/gcc/arm-none-eabi/9.2.1/../../../../arm-none-eabi/lib/thumb/v6-m/nofp\libcr_c.a(fclose.o)
                              c:/nxp/mcuxpressoide_11.2.0_4120/ide/plugins/com.nxp.mcuxpresso.tools.win32_11.2.0.202001021529/tools/bin/../lib/gcc/arm-none-eabi/9.2.1/../../../../arm-none-eabi/lib/thumb/v6-m/nofp\libcr_c.a(initio.o) (fclose)
c:/nxp/mcuxpressoide_11.2.0_4120/ide/plugins/com.nxp.mcuxpresso.tools.win32_11.2.0.202001021529/tools/bin/../lib/gcc/arm-none-eabi/9.2.1/../../../../arm-none-eabi/lib/thumb/v6-m/nofp\libcr_c.a(fflush.o)
                              c:/nxp/mcuxpressoide_11.2.0_4120/ide/plugins/com.nxp.mcuxpresso.tools.win32_11.2.0.202001021529/tools/bin/../lib/gcc/arm-none-eabi/9.2.1/../../../../arm-none-eabi/lib/thumb/v6-m/nofp\libcr_c.a(fclose.o) (fflush)
c:/nxp/mcuxpressoide_11.2.0_4120/ide/plugins/com.nxp.mcuxpresso.tools.win32_11.2.0.202001021529/tools/bin/../lib/gcc/arm-none-eabi/9.2.1/../../../../arm-none-eabi/lib/thumb/v6-m/nofp\libcr_c.a(fseek.o)
                              c:/nxp/mcuxpressoide_11.2.0_4120/ide/plugins/com.nxp.mcuxpresso.tools.win32_11.2.0.202001021529/tools/bin/../lib/gcc/arm-none-eabi/9.2.1/../../../../arm-none-eabi/lib/thumb/v6-m/nofp\libcr_c.a(_fdopen.o) (fseek)
c:/nxp/mcuxpressoide_11.2.0_4120/ide/plugins/com.nxp.mcuxpresso.tools.win32_11.2.0.202001021529/tools/bin/../lib/gcc/arm-none-eabi/9.2.1/../../../../arm-none-eabi/lib/thumb/v6-m/nofp\libcr_c.a(ftell.o)
                              c:/nxp/mcuxpressoide_11.2.0_4120/ide/plugins/com.nxp.mcuxpresso.tools.win32_11.2.0.202001021529/tools/bin/../lib/gcc/arm-none-eabi/9.2.1/../../../../arm-none-eabi/lib/thumb/v6-m/nofp\libcr_c.a(fseek.o) (ftell)
c:/nxp/mcuxpressoide_11.2.0_4120/ide/plugins/com.nxp.mcuxpresso.tools.win32_11.2.0.202001021529/tools/bin/../lib/gcc/arm-none-eabi/9.2.1/../../../../arm-none-eabi/lib/thumb/v6-m/nofp\libcr_c.a(remove.o)
                              c:/nxp/mcuxpressoide_11.2.0_4120/ide/plugins/com.nxp.mcuxpresso.tools.win32_11.2.0.202001021529/tools/bin/../lib/gcc/arm-none-eabi/9.2.1/../../../../arm-none-eabi/lib/thumb/v6-m/nofp\libcr_c.a(fclose.o) (remove)
c:/nxp/mcuxpressoide_11.2.0_4120/ide/plugins/com.nxp.mcuxpresso.tools.win32_11.2.0.202001021529/tools/bin/../lib/gcc/arm-none-eabi/9.2.1/../../../../arm-none-eabi/lib/thumb/v6-m/nofp\libcr_c.a(_do_fflush.o)
[...]
Memory Configuration

Name             Origin             Length             Attributes
PROGRAM_FLASH    0x00000000         0x00020000         xr
SRAM             0x1ffff000         0x00004000         xrw
*default*        0x00000000         0xffffffff

Linker script and memory map

LOAD ./utilities/fsl_debug_console.o
LOAD ./startup/startup_mkl25z4.o
LOAD ./source/capacitive_touch_sensor.o
LOAD ./source/gpio_switch.o
LOAD ./source/main.o
LOAD ./source/mtb.o
LOAD ./source/pwm.o
LOAD ./source/semihost_hardfault.o
LOAD ./source/statemachine.o
LOAD ./source/systick_timer.o
LOAD ./drivers/fsl_clock.o
LOAD ./drivers/fsl_common.o
LOAD ./drivers/fsl_flash.o
LOAD ./drivers/fsl_gpio.o
LOAD ./drivers/fsl_lpsci.o
LOAD ./drivers/fsl_smc.o
LOAD ./drivers/fsl_uart.o
LOAD ./board/board.o
LOAD ./board/clock_config.o
LOAD ./board/peripherals.o
LOAD ./board/pin_mux.o
LOAD ./CMSIS/system_MKL25Z4.o
START GROUP
LOAD c:/nxp/mcuxpressoide_11.2.0_4120/ide/plugins/com.nxp.mcuxpresso.tools.win32_11.2.0.202001021529/tools/bin/../lib/gcc/arm-none-eabi/9.2.1/../../../../arm-none-eabi/lib/thumb/v6-m/nofp\libcr_nohost_nf.a
LOAD c:/nxp/mcuxpressoide_11.2.0_4120/ide/plugins/com.nxp.mcuxpresso.tools.win32_11.2.0.202001021529/tools/bin/../lib/gcc/arm-none-eabi/9.2.1/../../../../arm-none-eabi/lib/thumb/v6-m/nofp\libcr_c.a
LOAD c:/nxp/mcuxpressoide_11.2.0_4120/ide/plugins/com.nxp.mcuxpresso.tools.win32_11.2.0.202001021529/tools/bin/../lib/gcc/arm-none-eabi/9.2.1/thumb/v6-m/nofp\libcr_eabihelpers.a
LOAD c:/nxp/mcuxpressoide_11.2.0_4120/ide/plugins/com.nxp.mcuxpresso.tools.win32_11.2.0.202001021529/tools/bin/../lib/gcc/arm-none-eabi/9.2.1/thumb/v6-m/nofp\libgcc.a
END GROUP
                0x00000000                __base_PROGRAM_FLASH = 0x0
                0x00000000                __base_Flash = 0x0
                0x00020000                __top_PROGRAM_FLASH = 0x20000
                0x00020000                __top_Flash = 0x20000
                0x1ffff000                __base_SRAM = 0x1ffff000
                0x1ffff000                __base_RAM = 0x1ffff000
                0x20003000                __top_SRAM = 0x20003000
                0x20003000                __top_RAM = 0x20003000

.text           0x00000000     0x3874
 FILL mask 0xff
                0x00000000                __vectors_start__ = ABSOLUTE (.)
 *(SORT_BY_ALIGNMENT(.isr_vector))
 .isr_vector    0x00000000       0xc0 ./startup/startup_mkl25z4.o
                0x00000000                g_pfnVectors
                0x00000000                __Vectors
                0x000000c0                . = ALIGN (0x4)
                0x000000c0                __section_table_start = .
                0x000000c0                __data_section_table = .
                0x000000c0        0x4 LONG 0x3874 LOADADDR (.data)
                0x000000c4        0x4 LONG 0x1ffff080 ADDR (.data)
                0x000000c8        0x4 LONG 0x8 SIZEOF (.data)
                0x000000cc                __data_section_table_end = .
                0x000000cc                __bss_section_table = .
                0x000000cc        0x4 LONG 0x1ffff088 ADDR (.bss)
                0x000000d0        0x4 LONG 0x124 SIZEOF (.bss)
                0x000000d4                __bss_section_table_end = .
                0x000000d4                __section_table_end = .
 *(SORT_BY_ALIGNMENT(.after_vectors*))
 .after_vectors.reset
                0x000000d4       0x4c ./startup/startup_mkl25z4.o
                0x000000d4                ResetISR
 .after_vectors.init_data
                0x00000120       0x12 ./startup/startup_mkl25z4.o
                0x00000120                data_init
 .after_vectors.init_bss
                0x00000132       0x10 ./startup/startup_mkl25z4.o
                0x00000132                bss_init
 .after_vectors
                0x00000142      0x10c ./startup/startup_mkl25z4.o
                0x00000142                NMI_Handler
                0x00000146                SVC_Handler
                0x00000148                PendSV_Handler
                0x0000014c                SPI1_DriverIRQHandler
                0x0000014c                LPTMR0_DriverIRQHandler
                0x0000014c                DMA0_DriverIRQHandler
                0x0000014c                I2C0_DriverIRQHandler
                0x0000014c                Reserved39_DriverIRQHandler
                0x0000014c                PORTD_DriverIRQHandler
                0x0000014c                DMA2_DriverIRQHandler
                0x0000014c                CMP0_DriverIRQHandler
                0x0000014c                TPM2_DriverIRQHandler
                0x0000014c                ADC0_DriverIRQHandler
                0x0000014c                SPI0_DriverIRQHandler
                0x0000014c                TSI0_DriverIRQHandler
                0x0000014c                RTC_Seconds_DriverIRQHandler
                0x0000014c                I2C1_DriverIRQHandler
                0x0000014c                DMA1_DriverIRQHandler
                0x0000014c                LLWU_DriverIRQHandler
                0x0000014c                MCG_DriverIRQHandler
                0x0000014c                PIT_DriverIRQHandler
                0x0000014c                RTC_DriverIRQHandler
                0x0000014c                TPM1_DriverIRQHandler
                0x0000014c                FTFA_DriverIRQHandler
                0x0000014c                IntDefaultHandler
                0x0000014c                USB0_DriverIRQHandler
                0x0000014c                DAC0_DriverIRQHandler
                0x0000014c                LVD_LVW_DriverIRQHandler
                0x0000014c                TPM0_DriverIRQHandler
                0x0000014c                PORTA_DriverIRQHandler
                0x0000014c                Reserved45_DriverIRQHandler
                0x0000014c                Reserved20_DriverIRQHandler
                0x0000014c                DMA3_DriverIRQHandler
                0x0000014e                DMA0_IRQHandler
                0x00000156                DMA1_IRQHandler
                0x0000015e                DMA2_IRQHandler
                0x00000166                DMA3_IRQHandler
                0x0000016e                Reserved20_IRQHandler
                0x00000176                FTFA_IRQHandler
                0x0000017e                LVD_LVW_IRQHandler
                0x00000186                LLWU_IRQHandler
                0x0000018e                I2C0_IRQHandler
                0x00000196                I2C1_IRQHandler
                0x0000019e                SPI0_IRQHandler
                0x000001a6                SPI1_IRQHandler
                0x000001ae                UART0_IRQHandler
                0x000001b6                UART1_IRQHandler
                0x000001be                UART2_IRQHandler
                0x000001c6                ADC0_IRQHandler
                0x000001ce                CMP0_IRQHandler
                0x000001d6                TPM0_IRQHandler
                0x000001de                TPM1_IRQHandler
                0x000001e6                TPM2_IRQHandler
                0x000001ee                RTC_IRQHandler
                0x000001f6                RTC_Seconds_IRQHandler
                0x000001fe                PIT_IRQHandler
                0x00000206                Reserved39_IRQHandler
                0x0000020e                USB0_IRQHandler
                0x00000216                DAC0_IRQHandler
                0x0000021e                TSI0_IRQHandler
                0x00000226                MCG_IRQHandler
                0x0000022e                LPTMR0_IRQHandler
                0x00000236                Reserved45_IRQHandler
                0x0000023e                PORTA_IRQHandler
                0x00000400                . = 0x400
 *fill*         0x0000024e      0x1b2 ff
                0x00000400                PROVIDE (__FLASH_CONFIG_START__ = .)
 *(SORT_BY_ALIGNMENT(.FlashConfig))
 .FlashConfig   0x00000400       0x10 ./startup/startup_mkl25z4.o
                0x00000400                Flash_Config
                0x00000410                PROVIDE (__FLASH_CONFIG_END__ = .)
                0x00000001                ASSERT (! ((__FLASH_CONFIG_START__ == __FLASH_CONFIG_END__)), Linker Flash Config Support Enabled, but no .FlashConfig section provided within application)
 *(SORT_BY_ALIGNMENT(.text*))
 .text.DbgConsole_Init
                0x00000410       0xf4 ./utilities/fsl_debug_console.o
                0x00000410                DbgConsole_Init
 .text.DbgConsole_Printf
                0x00000504       0x44 ./utilities/fsl_debug_console.o
                0x00000504                DbgConsole_Printf
 .text.DbgConsole_Putchar
                0x00000548       0x34 ./utilities/fsl_debug_console.o
                0x00000548                DbgConsole_Putchar
 .text.init_touch_slider
                0x0000057c       0x30 ./source/capacitive_touch_sensor.o
                0x0000057c                init_touch_slider
 .text.scan_LH_touch_slider
                0x000005ac       0x6c ./source/capacitive_touch_sensor.o
                0x000005ac                scan_LH_touch_slider
 .text.NVIC_EnableIRQ
                0x00000618       0x2c ./source/gpio_switch.o
 .text.NVIC_ClearPendingIRQ
                0x00000644       0x30 ./source/gpio_switch.o
 .text.NVIC_SetPriority
                0x00000674       0xdc ./source/gpio_switch.o
 .text.init_interrupt
                0x00000750       0x80 ./source/gpio_switch.o
                0x00000750                init_interrupt
 .text.PORTD_IRQHandler
                0x000007d0       0x30 ./source/gpio_switch.o
                0x000007d0                PORTD_IRQHandler
 .text.main     0x00000800       0x40 ./source/main.o
                0x00000800                main
 .text.init_PWM_LED
                0x00000840      0x168 ./source/pwm.o
                0x00000840                init_PWM_LED
 .text.set_color
                0x000009a8       0x68 ./source/pwm.o
                0x000009a8                set_color
 .text.color_transition
                0x00000a10      0x18c ./source/pwm.o
                0x00000a10                color_transition
 .text.HardFault_Handler
                0x00000b9c       0x30 ./source/semihost_hardfault.o
                0x00000b9c                HardFault_Handler
 .text.detect_touch
                0x00000bcc       0x3c ./source/statemachine.o
                0x00000bcc                detect_touch
 .text.state_dump
                0x00000c08       0x74 ./source/statemachine.o
                0x00000c08                state_dump
 .text.Statemachine
                0x00000c7c      0x350 ./source/statemachine.o
                0x00000c7c                Statemachine
 .text.NVIC_SetPriority
                0x00000fcc       0xdc ./source/systick_timer.o
 .text.init_systick
                0x000010a8       0x30 ./source/systick_timer.o
                0x000010a8                init_systick
 .text.now      0x000010d8       0x14 ./source/systick_timer.o
                0x000010d8                now
 .text.reset_timer
                0x000010ec       0x14 ./source/systick_timer.o
                0x000010ec                reset_timer
 .text.get_timer
                0x00001100       0x14 ./source/systick_timer.o
                0x00001100                get_timer
 .text.SysTick_Handler
                0x00001114       0x3c ./source/systick_timer.o
                0x00001114                SysTick_Handler
 .text.reset_crosswalk_timer
                0x00001150       0x14 ./source/systick_timer.o
                0x00001150                reset_crosswalk_timer
 .text.get_crosswalk_timer
                0x00001164       0x14 ./source/systick_timer.o
                0x00001164                get_crosswalk_timer
 .text.CLOCK_SetEr32kClock
                0x00001178       0x34 ./drivers/fsl_clock.o
 .text.CLOCK_SetPllFllSelClock
                0x000011ac       0x38 ./drivers/fsl_clock.o
 .text.CLOCK_GetMcgExtClkFreq
                0x000011e4       0x28 ./drivers/fsl_clock.o
 .text.CLOCK_GetFllExtRefClkFreq
                0x0000120c       0xa8 ./drivers/fsl_clock.o
 .text.CLOCK_GetFllRefClkFreq
                0x000012b4       0x2c ./drivers/fsl_clock.o
 .text.CLOCK_GetOscRangeFromFreq
                0x000012e0       0x4c ./drivers/fsl_clock.o
 .text.CLOCK_GetPllFllSelClkFreq
                0x0000132c       0x4c ./drivers/fsl_clock.o
                0x0000132c                CLOCK_GetPllFllSelClkFreq
 .text.CLOCK_SetSimConfig
                0x00001378       0x38 ./drivers/fsl_clock.o
                0x00001378                CLOCK_SetSimConfig
 .text.CLOCK_GetFllFreq
                0x000013b0       0x84 ./drivers/fsl_clock.o
                0x000013b0                CLOCK_GetFllFreq
 .text.CLOCK_GetPll0Freq
                0x00001434       0x70 ./drivers/fsl_clock.o
                0x00001434                CLOCK_GetPll0Freq
 .text.CLOCK_SetInternalRefClkConfig
                0x000014a4      0x124 ./drivers/fsl_clock.o
                0x000014a4                CLOCK_SetInternalRefClkConfig
 .text.CLOCK_EnablePll0
                0x000015c8       0x94 ./drivers/fsl_clock.o
                0x000015c8                CLOCK_EnablePll0
 .text.CLOCK_InitOsc0
                0x0000165c       0x94 ./drivers/fsl_clock.o
                0x0000165c                CLOCK_InitOsc0
 .text.CLOCK_SetPbeMode
                0x000016f0       0xb0 ./drivers/fsl_clock.o
                0x000016f0                CLOCK_SetPbeMode
 .text.CLOCK_BootToPeeMode
                0x000017a0       0x70 ./drivers/fsl_clock.o
                0x000017a0                CLOCK_BootToPeeMode
 .text.__assertion_failed
                0x00001810       0x1c ./drivers/fsl_common.o
                0x00001810                __assertion_failed
 .text.CLOCK_EnableClock
                0x0000182c       0x34 ./drivers/fsl_lpsci.o
 .text.LPSCI_GetInstance
                0x00001860       0x48 ./drivers/fsl_lpsci.o
                0x00001860                LPSCI_GetInstance
 .text.LPSCI_Init
                0x000018a8      0x258 ./drivers/fsl_lpsci.o
                0x000018a8                LPSCI_Init
 .text.LPSCI_GetDefaultConfig
                0x00001b00       0x44 ./drivers/fsl_lpsci.o
                0x00001b00                LPSCI_GetDefaultConfig
 .text.LPSCI_ClearStatusFlags
                0x00001b44       0x94 ./drivers/fsl_lpsci.o
                0x00001b44                LPSCI_ClearStatusFlags
 .text.LPSCI_WriteBlocking
                0x00001bd8       0x4c ./drivers/fsl_lpsci.o
                0x00001bd8                LPSCI_WriteBlocking
 .text.LPSCI_ReadBlocking
                0x00001c24       0xc0 ./drivers/fsl_lpsci.o
                0x00001c24                LPSCI_ReadBlocking
 .text.UART0_DriverIRQHandler
                0x00001ce4       0x24 ./drivers/fsl_lpsci.o
                0x00001ce4                UART0_DriverIRQHandler
 .text.CLOCK_EnableClock
                0x00001d08       0x34 ./drivers/fsl_uart.o
 .text.UART_GetInstance
                0x00001d3c       0x54 ./drivers/fsl_uart.o
                0x00001d3c                UART_GetInstance
 .text.UART_Init
                0x00001d90      0x1e0 ./drivers/fsl_uart.o
                0x00001d90                UART_Init
 .text.UART_GetDefaultConfig
                0x00001f70       0x44 ./drivers/fsl_uart.o
                0x00001f70                UART_GetDefaultConfig
 .text.UART_ReadBlocking
                0x00001fb4       0x98 ./drivers/fsl_uart.o
                0x00001fb4                UART_ReadBlocking
 .text.UART1_DriverIRQHandler
                0x0000204c       0x24 ./drivers/fsl_uart.o
                0x0000204c                UART1_DriverIRQHandler
 .text.UART2_DriverIRQHandler
                0x00002070       0x24 ./drivers/fsl_uart.o
                0x00002070                UART2_DriverIRQHandler
 .text.CLOCK_SetLpsci0Clock
                0x00002094       0x38 ./board/board.o
 .text.BOARD_InitDebugConsole
                0x000020cc       0x30 ./board/board.o
                0x000020cc                BOARD_InitDebugConsole
 .text.CLOCK_SetSimSafeDivs
                0x000020fc       0x20 ./board/clock_config.o
 .text.CLOCK_SetXtal0Freq
                0x0000211c       0x1c ./board/clock_config.o
 .text.CLOCK_CONFIG_SetFllExtRefDiv
                0x00002138       0x3c ./board/clock_config.o
 .text.BOARD_BootClockRUN
                0x00002174       0x64 ./board/clock_config.o
                0x00002174                BOARD_BootClockRUN
 .text.CLOCK_EnableClock
                0x000021d8       0x34 ./board/pin_mux.o
 .text.PORT_SetPinMux
                0x0000220c       0x40 ./board/pin_mux.o
 .text.BOARD_InitPins
                0x0000224c       0x4c ./board/pin_mux.o
                0x0000224c                BOARD_InitPins
 .text.SystemInit
                0x00002298       0x18 ./CMSIS/system_MKL25Z4.o
                0x00002298                SystemInit
 .text._initio  0x000022b0       0x7c c:/nxp/mcuxpressoide_11.2.0_4120/ide/plugins/com.nxp.mcuxpresso.tools.win32_11.2.0.202001021529/tools/bin/../lib/gcc/arm-none-eabi/9.2.1/../../../../arm-none-eabi/lib/thumb/v6-m/nofp\libcr_c.a(initio.o)
                0x000022b0                _initio
 .text.setvbuf  0x0000232c       0x4c c:/nxp/mcuxpressoide_11.2.0_4120/ide/plugins/com.nxp.mcuxpresso.tools.win32_11.2.0.202001021529/tools/bin/../lib/gcc/arm-none-eabi/9.2.1/../../../../arm-none-eabi/lib/thumb/v6-m/nofp\libcr_c.a(setvbuf.o)
                0x0000232c                setvbuf
 .text.strlen   0x00002378       0x58 c:/nxp/mcuxpressoide_11.2.0_4120/ide/plugins/com.nxp.mcuxpresso.tools.win32_11.2.0.202001021529/tools/bin/../lib/gcc/arm-none-eabi/9.2.1/../../../../arm-none-eabi/lib/thumb/v6-m/nofp\libcr_c.a(strlen.o)
                0x00002378                strlen
 .text._fdopen  0x000023d0       0x74 c:/nxp/mcuxpressoide_11.2.0_4120/ide/plugins/com.nxp.mcuxpresso.tools.win32_11.2.0.202001021529/tools/bin/../lib/gcc/arm-none-eabi/9.2.1/../../../../arm-none-eabi/lib/thumb/v6-m/nofp\libcr_c.a(_fdopen.o)
                0x000023d0                _fdopen
 .text.fclose   0x00002444       0x5c c:/nxp/mcuxpressoide_11.2.0_4120/ide/plugins/com.nxp.mcuxpresso.tools.win32_11.2.0.202001021529/tools/bin/../lib/gcc/arm-none-eabi/9.2.1/../../../../arm-none-eabi/lib/thumb/v6-m/nofp\libcr_c.a(fclose.o)
                0x00002444                fclose
 .text.fflush   0x000024a0       0x44 c:/nxp/mcuxpressoide_11.2.0_4120/ide/plugins/com.nxp.mcuxpresso.tools.win32_11.2.0.202001021529/tools/bin/../lib/gcc/arm-none-eabi/9.2.1/../../../../arm-none-eabi/lib/thumb/v6-m/nofp\libcr_c.a(fflush.o)
                0x000024a0                fflush
 .text.fseek    0x000024e4       0xf4 c:/nxp/mcuxpressoide_11.2.0_4120/ide/plugins/com.nxp.mcuxpresso.tools.win32_11.2.0.202001021529/tools/bin/../lib/gcc/arm-none-eabi/9.2.1/../../../../arm-none-eabi/lib/thumb/v6-m/nofp\libcr_c.a(fseek.o)
                0x000024e4                fseek
 .text.ftell    0x000025d8       0x48 c:/nxp/mcuxpressoide_11.2.0_4120/ide/plugins/com.nxp.mcuxpresso.tools.win32_11.2.0.202001021529/tools/bin/../lib/gcc/arm-none-eabi/9.2.1/../../../../arm-none-eabi/lib/thumb/v6-m/nofp\libcr_c.a(ftell.o)
                0x000025d8                ftell
 .text._do_fflush
                0x00002620       0x48 c:/nxp/mcuxpressoide_11.2.0_4120/ide/plugins/com.nxp.mcuxpresso.tools.win32_11.2.0.202001021529/tools/bin/../lib/gcc/arm-none-eabi/9.2.1/../../../../arm-none-eabi/lib/thumb/v6-m/nofp\libcr_c.a(_do_fflush.o)
                0x00002620                _do_fflush
 .text._fflush  0x00002668       0x60 c:/nxp/mcuxpressoide_11.2.0_4120/ide/plugins/com.nxp.mcuxpresso.tools.win32_11.2.0.202001021529/tools/bin/../lib/gcc/arm-none-eabi/9.2.1/../../../../arm-none-eabi/lib/thumb/v6-m/nofp\libcr_c.a(_fflush.o)
                0x00002668                _fflush
 .text._Cwritebuf
                0x000026c8       0x68 c:/nxp/mcuxpressoide_11.2.0_4120/ide/plugins/com.nxp.mcuxpresso.tools.win32_11.2.0.202001021529/tools/bin/../lib/gcc/arm-none-eabi/9.2.1/../../../../arm-none-eabi/lib/thumb/v6-m/nofp\libcr_c.a(_writebuf.o)
                0x000026c8                _Cwritebuf
 .text._deferredlazyseek
                0x00002730       0x40 c:/nxp/mcuxpressoide_11.2.0_4120/ide/plugins/com.nxp.mcuxpresso.tools.win32_11.2.0.202001021529/tools/bin/../lib/gcc/arm-none-eabi/9.2.1/../../../../arm-none-eabi/lib/thumb/v6-m/nofp\libcr_c.a(_deferredlazyseek.o)
                0x00002730                _deferredlazyseek
 .text.__aeabi_dmul
                0x00002770      0x184 c:/nxp/mcuxpressoide_11.2.0_4120/ide/plugins/com.nxp.mcuxpresso.tools.win32_11.2.0.202001021529/tools/bin/../lib/gcc/arm-none-eabi/9.2.1/thumb/v6-m/nofp\libcr_eabihelpers.a(double.o)
                0x00002770                __aeabi_dmul
 .text.__aeabi_dsub
                0x000028f4      0x1e4 c:/nxp/mcuxpressoide_11.2.0_4120/ide/plugins/com.nxp.mcuxpresso.tools.win32_11.2.0.202001021529/tools/bin/../lib/gcc/arm-none-eabi/9.2.1/thumb/v6-m/nofp\libcr_eabihelpers.a(double.o)
                0x000028f4                __aeabi_dsub
 .text.__aeabi_dadd
                0x00002ad8      0x134 c:/nxp/mcuxpressoide_11.2.0_4120/ide/plugins/com.nxp.mcuxpresso.tools.win32_11.2.0.202001021529/tools/bin/../lib/gcc/arm-none-eabi/9.2.1/thumb/v6-m/nofp\libcr_eabihelpers.a(double.o)
                0x00002ad8                __aeabi_dadd
 .text.__aeabi_d2iz
                0x00002c0c       0x50 c:/nxp/mcuxpressoide_11.2.0_4120/ide/plugins/com.nxp.mcuxpresso.tools.win32_11.2.0.202001021529/tools/bin/../lib/gcc/arm-none-eabi/9.2.1/thumb/v6-m/nofp\libcr_eabihelpers.a(double.o)
                0x00002c0c                __aeabi_d2iz
 .text.UART_EnableTx
                0x00002c5c       0x40 ./utilities/fsl_debug_console.o
 .text.UART_EnableRx
                0x00002c9c       0x40 ./utilities/fsl_debug_console.o
 .text.LPSCI_EnableTx
                0x00002cdc       0x40 ./utilities/fsl_debug_console.o
 .text.LPSCI_EnableRx
                0x00002d1c       0x40 ./utilities/fsl_debug_console.o
 .text.DbgConsole_PrintfPaddingCharacter
                0x00002d5c       0x48 ./utilities/fsl_debug_console.o
 .text.DbgConsole_ConvertRadixNumToString
                0x00002da4      0x114 ./utilities/fsl_debug_console.o
 .text.DbgConsole_PrintfFormattedData
                0x00002eb8      0x33a ./utilities/fsl_debug_console.o
 .text.OSC_SetExtRefClkConfig
                0x000031f2       0x3e ./drivers/fsl_clock.o
 .text.OSC_SetCapLoad
                0x00003230       0x42 ./drivers/fsl_clock.o
 .text.CLOCK_GetPll0RefFreq
                0x00003272       0x10 ./drivers/fsl_clock.o
 .text.CLOCK_SetExternalRefClkConfig
                0x00003282       0x16 ./drivers/fsl_clock.o
                0x00003282                CLOCK_SetExternalRefClkConfig
 .text.LPSCI_GetStatusFlags
                0x00003298       0x26 ./drivers/fsl_lpsci.o
                0x00003298                LPSCI_GetStatusFlags
 .text.UART_GetStatusFlags
                0x000032be       0x26 ./drivers/fsl_uart.o
                0x000032be                UART_GetStatusFlags
 .text.UART_WriteBlocking
                0x000032e4       0x3c ./drivers/fsl_uart.o
                0x000032e4                UART_WriteBlocking
 .text.BOARD_InitBootClocks
                0x00003320        0xe ./board/clock_config.o
                0x00003320                BOARD_InitBootClocks
 .text.BOARD_InitBootPins
                0x0000332e        0xe ./board/pin_mux.o
                0x0000332e                BOARD_InitBootPins
 .text.__main   0x0000333c        0xc c:/nxp/mcuxpressoide_11.2.0_4120/ide/plugins/com.nxp.mcuxpresso.tools.win32_11.2.0.202001021529/tools/bin/../lib/gcc/arm-none-eabi/9.2.1/../../../../arm-none-eabi/lib/thumb/v6-m/nofp\libcr_nohost_nf.a(_cr__main.o)
                0x0000333c                __main
 .text.memset   0x00003348        0x8 c:/nxp/mcuxpressoide_11.2.0_4120/ide/plugins/com.nxp.mcuxpresso.tools.win32_11.2.0.202001021529/tools/bin/../lib/gcc/arm-none-eabi/9.2.1/../../../../arm-none-eabi/lib/thumb/v6-m/nofp\libcr_c.a(memset.o)
                0x00003348                memset
 .text.remove   0x00003350       0x12 c:/nxp/mcuxpressoide_11.2.0_4120/ide/plugins/com.nxp.mcuxpresso.tools.win32_11.2.0.202001021529/tools/bin/../lib/gcc/arm-none-eabi/9.2.1/../../../../arm-none-eabi/lib/thumb/v6-m/nofp\libcr_c.a(remove.o)
                0x00003350                remove
 .text.free     0x00003362       0x2c c:/nxp/mcuxpressoide_11.2.0_4120/ide/plugins/com.nxp.mcuxpresso.tools.win32_11.2.0.202001021529/tools/bin/../lib/gcc/arm-none-eabi/9.2.1/../../../../arm-none-eabi/lib/thumb/v6-m/nofp\libcr_c.a(alloc.o)
                0x00003362                free
 .text.__aeabi_division_idivmod
                0x0000338e       0x78 c:/nxp/mcuxpressoide_11.2.0_4120/ide/plugins/com.nxp.mcuxpresso.tools.win32_11.2.0.202001021529/tools/bin/../lib/gcc/arm-none-eabi/9.2.1/thumb/v6-m/nofp\libcr_eabihelpers.a(division_32.o)
                0x0000338e                __aeabi_idivmod
                0x0000338e                __aeabi_idiv
                0x00003394                __aeabi_uidivmod
                0x00003394                __aeabi_uidiv
 .text.__aeabi_division_idiv0
                0x00003406        0x2 c:/nxp/mcuxpressoide_11.2.0_4120/ide/plugins/com.nxp.mcuxpresso.tools.win32_11.2.0.202001021529/tools/bin/../lib/gcc/arm-none-eabi/9.2.1/thumb/v6-m/nofp\libcr_eabihelpers.a(division_idiv0.o)
                0x00003406                __aeabi_idiv0
 .text.__bhs_ui2d
                0x00003408       0x5e c:/nxp/mcuxpressoide_11.2.0_4120/ide/plugins/com.nxp.mcuxpresso.tools.win32_11.2.0.202001021529/tools/bin/../lib/gcc/arm-none-eabi/9.2.1/thumb/v6-m/nofp\libcr_eabihelpers.a(double.o)
                0x00003408                __bhs_ui2d
 .text.__aeabi_i2d
                0x00003466       0x18 c:/nxp/mcuxpressoide_11.2.0_4120/ide/plugins/com.nxp.mcuxpresso.tools.win32_11.2.0.202001021529/tools/bin/../lib/gcc/arm-none-eabi/9.2.1/thumb/v6-m/nofp\libcr_eabihelpers.a(double.o)
                0x00003466                __aeabi_i2d
 .text.__aeabi_llong_lmul
                0x0000347e       0x2e c:/nxp/mcuxpressoide_11.2.0_4120/ide/plugins/com.nxp.mcuxpresso.tools.win32_11.2.0.202001021529/tools/bin/../lib/gcc/arm-none-eabi/9.2.1/thumb/v6-m/nofp\libcr_eabihelpers.a(llong.o)
                0x0000347e                __aeabi_lmul
 .text.__aeabi_memset_lowlevel
                0x000034ac       0x2a c:/nxp/mcuxpressoide_11.2.0_4120/ide/plugins/com.nxp.mcuxpresso.tools.win32_11.2.0.202001021529/tools/bin/../lib/gcc/arm-none-eabi/9.2.1/thumb/v6-m/nofp\libcr_eabihelpers.a(memcpy.o)
                0x000034ac                __aeabi_lowlevel_memset
 .text.__sys_close
                0x000034d6        0x6 c:/nxp/mcuxpressoide_11.2.0_4120/ide/plugins/com.nxp.mcuxpresso.tools.win32_11.2.0.202001021529/tools/bin/../lib/gcc/arm-none-eabi/9.2.1/../../../../arm-none-eabi/lib/thumb/v6-m/nofp\libcr_nohost_nf.a(__sys_close.o)
                0x000034d6                __sys_close
 .text.__sys_flen
                0x000034dc        0x6 c:/nxp/mcuxpressoide_11.2.0_4120/ide/plugins/com.nxp.mcuxpresso.tools.win32_11.2.0.202001021529/tools/bin/../lib/gcc/arm-none-eabi/9.2.1/../../../../arm-none-eabi/lib/thumb/v6-m/nofp\libcr_nohost_nf.a(__sys_flen.o)
                0x000034dc                __sys_flen
 .text.__sys_istty
                0x000034e2        0x6 c:/nxp/mcuxpressoide_11.2.0_4120/ide/plugins/com.nxp.mcuxpresso.tools.win32_11.2.0.202001021529/tools/bin/../lib/gcc/arm-none-eabi/9.2.1/../../../../arm-none-eabi/lib/thumb/v6-m/nofp\libcr_nohost_nf.a(__sys_istty.o)
                0x000034e2                __sys_istty
 .text.__sys_remove
                0x000034e8        0x6 c:/nxp/mcuxpressoide_11.2.0_4120/ide/plugins/com.nxp.mcuxpresso.tools.win32_11.2.0.202001021529/tools/bin/../lib/gcc/arm-none-eabi/9.2.1/../../../../arm-none-eabi/lib/thumb/v6-m/nofp\libcr_nohost_nf.a(__sys_remove.o)
                0x000034e8                __sys_remove
 .text.__sys_seek
                0x000034ee        0x6 c:/nxp/mcuxpressoide_11.2.0_4120/ide/plugins/com.nxp.mcuxpresso.tools.win32_11.2.0.202001021529/tools/bin/../lib/gcc/arm-none-eabi/9.2.1/../../../../arm-none-eabi/lib/thumb/v6-m/nofp\libcr_nohost_nf.a(__sys_seek.o)
                0x000034ee                __sys_seek
 .text.__sys_tmpnam
                0x000034f4        0x6 c:/nxp/mcuxpressoide_11.2.0_4120/ide/plugins/com.nxp.mcuxpresso.tools.win32_11.2.0.202001021529/tools/bin/../lib/gcc/arm-none-eabi/9.2.1/../../../../arm-none-eabi/lib/thumb/v6-m/nofp\libcr_nohost_nf.a(__sys_tmpnam.o)
                0x000034f4                __sys_tmpnam
 .text.__sys_write
                0x000034fa        0x4 c:/nxp/mcuxpressoide_11.2.0_4120/ide/plugins/com.nxp.mcuxpresso.tools.win32_11.2.0.202001021529/tools/bin/../lib/gcc/arm-none-eabi/9.2.1/../../../../arm-none-eabi/lib/thumb/v6-m/nofp\libcr_nohost_nf.a(__sys_write.o)
                0x000034fa                __sys_write
 *(SORT_BY_ALIGNMENT(.rodata) SORT_BY_ALIGNMENT(.rodata.*) SORT_BY_ALIGNMENT(.constdata) SORT_BY_ALIGNMENT(.constdata.*))
 *fill*         0x000034fe        0x2 ff
 .rodata.main.str1.4
                0x00003500       0x1b ./source/main.o
 *fill*         0x0000351b        0x1 ff
 .rodata.state_dump.str1.4
                0x0000351c       0x5c ./source/statemachine.o
 .rodata.state_dump
                0x00003578       0x1c ./source/statemachine.o
 .rodata.Statemachine.str1.4
                0x00003594       0x71 ./source/statemachine.o
 *fill*         0x00003605        0x3 ff
 .rodata.Statemachine
                0x00003608       0x1c ./source/statemachine.o
 .rodata.CLOCK_GetMcgExtClkFreq.str1.4
                0x00003624       0x1f ./drivers/fsl_clock.o
 *fill*         0x00003643        0x1 ff
 .rodata.CLOCK_GetPll0Freq.str1.4
                0x00003644       0x1e ./drivers/fsl_clock.o
 *fill*         0x00003662        0x2 ff
 .rodata.CLOCK_EnablePll0.str1.4
                0x00003664       0x1a ./drivers/fsl_clock.o
 *fill*         0x0000367e        0x2 ff
 .rodata.CLOCK_SetPbeMode.str1.4
                0x00003680       0x1b ./drivers/fsl_clock.o
 *fill*         0x0000369b        0x1 ff
 .rodata.CLOCK_BootToPeeMode.str1.4
                0x0000369c       0x1b ./drivers/fsl_clock.o
 *fill*         0x000036b7        0x1 ff
 .rodata.fllFactorTable.5210
                0x000036b8       0x10 ./drivers/fsl_clock.o
 .rodata.__assertion_failed.str1.4
                0x000036c8        0x4 ./drivers/fsl_common.o
 .rodata.LPSCI_GetInstance.str1.4
                0x000036cc       0x37 ./drivers/fsl_lpsci.o
 *fill*         0x00003703        0x1 ff
 .rodata.LPSCI_Init.str1.4
                0x00003704       0x44 ./drivers/fsl_lpsci.o
 .rodata.LPSCI_GetDefaultConfig.str1.4
                0x00003748       0x1a ./drivers/fsl_lpsci.o
 *fill*         0x00003762        0x2 ff
 .rodata.LPSCI_WriteBlocking.str1.4
                0x00003764       0x18 ./drivers/fsl_lpsci.o
 .rodata.LPSCI_ReadBlocking.str1.4
                0x0000377c       0x18 ./drivers/fsl_lpsci.o
 .rodata.s_uartBases
                0x00003794        0xc ./drivers/fsl_uart.o
 .rodata.s_uartClock
                0x000037a0        0xc ./drivers/fsl_uart.o
 .rodata.UART_GetInstance.str1.4
                0x000037ac       0x2c ./drivers/fsl_uart.o
 .rodata.UART_Init.str1.4
                0x000037d8       0x43 ./drivers/fsl_uart.o
 *fill*         0x0000381b        0x1 ff
 .rodata.UART_GetDefaultConfig.str1.4
                0x0000381c       0x19 ./drivers/fsl_uart.o
 *fill*         0x00003835        0x3 ff
 .rodata.UART_ReadBlocking.str1.4
                0x00003838       0x17 ./drivers/fsl_uart.o
 *fill*         0x0000384f        0x1 ff
 .rodata.mcgConfig_BOARD_BootClockRUN
                0x00003850        0xa ./board/clock_config.o
                0x00003850                mcgConfig_BOARD_BootClockRUN
 *fill*         0x0000385a        0x2 ff
 .rodata.simConfig_BOARD_BootClockRUN
                0x0000385c        0x8 ./board/clock_config.o
                0x0000385c                simConfig_BOARD_BootClockRUN
 .rodata.oscConfig_BOARD_BootClockRUN
                0x00003864        0x8 ./board/clock_config.o
                0x00003864                oscConfig_BOARD_BootClockRUN
 .rodata.__num_Ciob_streams
                0x0000386c        0x4 c:/nxp/mcuxpressoide_11.2.0_4120/ide/plugins/com.nxp.mcuxpresso.tools.win32_11.2.0.202001021529/tools/bin/../lib/gcc/arm-none-eabi/9.2.1/../../../../arm-none-eabi/lib/thumb/v6-m/nofp\libcr_nohost_nf.a(__ciob.o)
                0x0000386c                __num_Ciob_streams
 .rodata._initio.str1.1
                0x00003870        0x4 c:/nxp/mcuxpressoide_11.2.0_4120/ide/plugins/com.nxp.mcuxpresso.tools.win32_11.2.0.202001021529/tools/bin/../lib/gcc/arm-none-eabi/9.2.1/../../../../arm-none-eabi/lib/thumb/v6-m/nofp\libcr_c.a(initio.o)
                0x00003874                . = ALIGN (0x4)

.glue_7         0x00003874        0x0
 .glue_7        0x00003874        0x0 linker stubs

.glue_7t        0x00003874        0x0
 .glue_7t       0x00003874        0x0 linker stubs

.vfp11_veneer   0x00003874        0x0
 .vfp11_veneer  0x00003874        0x0 linker stubs

.v4_bx          0x00003874        0x0
 .v4_bx         0x00003874        0x0 linker stubs

.iplt           0x00003874        0x0
 .iplt          0x00003874        0x0 ./utilities/fsl_debug_console.o

.rel.dyn        0x00003874        0x0
 .rel.iplt      0x00003874        0x0 ./utilities/fsl_debug_console.o

.ARM.extab
 *(SORT_BY_ALIGNMENT(.ARM.extab*) SORT_BY_ALIGNMENT(.gnu.linkonce.armextab.*))

.ARM.exidx      0x00003874        0x0
                0x00003874                __exidx_start = .
 *(SORT_BY_ALIGNMENT(.ARM.exidx*) SORT_BY_ALIGNMENT(.gnu.linkonce.armexidx.*))
                0x00003874                __exidx_end = .
                0x00003874                _etext = .

.m_usb_data
 *(SORT_BY_ALIGNMENT(m_usb_bdt))

.mtb_buffer_default
                0x1ffff000       0x80
 *(SORT_BY_ALIGNMENT(.mtb*))
 .mtb.$RAM1     0x1ffff000       0x80 ./source/mtb.o
                0x1ffff000                __mtb_buffer__

.uninit_RESERVED
                0x1ffff080        0x0
                0x1ffff080                _start_uninit_RESERVED = .
 *(SORT_BY_ALIGNMENT(.bss.$RESERVED*))
                0x1ffff080                . = ALIGN (0x4)
                0x1ffff080                _end_uninit_RESERVED = .

.data           0x1ffff080        0x8 load address 0x00003874
 FILL mask 0xff
                0x1ffff080                _data = .
                [!provide]                PROVIDE (__start_data_RAM = .)
                [!provide]                PROVIDE (__start_data_SRAM = .)
 *(SORT_BY_ALIGNMENT(vtable))
 *(SORT_BY_ALIGNMENT(.ramfunc*))
 *(SORT_BY_ALIGNMENT(CodeQuickAccess))
 *(SORT_BY_ALIGNMENT(DataQuickAccess))
 *(SORT_BY_ALIGNMENT(RamFunction))
 *(SORT_BY_ALIGNMENT(.data*))
 .data.s_slowIrcFreq
                0x1ffff080        0x4 ./drivers/fsl_clock.o
 .data.SystemCoreClock
                0x1ffff084        0x4 ./CMSIS/system_MKL25Z4.o
                0x1ffff084                SystemCoreClock
                0x1ffff088                . = ALIGN (0x4)
                0x1ffff088                _edata = .
                [!provide]                PROVIDE (__end_data_RAM = .)
                [!provide]                PROVIDE (__end_data_SRAM = .)

.igot.plt       0x1ffff088        0x0 load address 0x0000387c
 .igot.plt      0x1ffff088        0x0 ./utilities/fsl_debug_console.o

.bss            0x1ffff088      0x124
                0x1ffff088                _bss = .
                [!provide]                PROVIDE (__start_bss_RAM = .)
                [!provide]                PROVIDE (__start_bss_SRAM = .)
 *(SORT_BY_ALIGNMENT(.bss*))
 .bss.s_debugConsole
                0x1ffff088       0x10 ./utilities/fsl_debug_console.o
 .bss.r         0x1ffff098        0x4 ./source/pwm.o
                0x1ffff098                r
 .bss.g         0x1ffff09c        0x4 ./source/pwm.o
                0x1ffff09c                g
 .bss.b         0x1ffff0a0        0x4 ./source/pwm.o
                0x1ffff0a0                b
 .bss.timer     0x1ffff0a4        0x4 ./source/pwm.o
                0x1ffff0a4                timer
 .bss.red_start_val
                0x1ffff0a8        0x4 ./source/statemachine.o
                0x1ffff0a8                red_start_val
 .bss.red_end_val
                0x1ffff0ac        0x4 ./source/statemachine.o
                0x1ffff0ac                red_end_val
 .bss.green_start_val
                0x1ffff0b0        0x4 ./source/statemachine.o
                0x1ffff0b0                green_start_val
 .bss.green_end_val
                0x1ffff0b4        0x4 ./source/statemachine.o
                0x1ffff0b4                green_end_val
 .bss.blue_start_val
                0x1ffff0b8        0x4 ./source/statemachine.o
                0x1ffff0b8                blue_start_val
 .bss.blue_end_val
                0x1ffff0bc        0x4 ./source/statemachine.o
                0x1ffff0bc                blue_end_val
 .bss.button_status_flag
                0x1ffff0c0        0x4 ./source/statemachine.o
                0x1ffff0c0                button_status_flag
 .bss.TSI_val   0x1ffff0c4        0x4 ./source/statemachine.o
                0x1ffff0c4                TSI_val
 .bss.time_since_boot
                0x1ffff0c8        0x4 ./source/systick_timer.o
 .bss.crosswalk_timer
                0x1ffff0cc        0x4 ./source/systick_timer.o
 .bss.time_since_last_reset
                0x1ffff0d0        0x4 ./source/systick_timer.o
 .bss.g_xtal0Freq
                0x1ffff0d4        0x4 ./drivers/fsl_clock.o
                0x1ffff0d4                g_xtal0Freq
 .bss.s_lpsciHandle
                0x1ffff0d8        0x4 ./drivers/fsl_lpsci.o
 .bss.s_lpsciIsr
                0x1ffff0dc        0x4 ./drivers/fsl_lpsci.o
 .bss.s_uartHandle
                0x1ffff0e0        0xc ./drivers/fsl_uart.o
 .bss.s_uartIsr
                0x1ffff0ec        0x4 ./drivers/fsl_uart.o
 .bss.errno     0x1ffff0f0        0x4 c:/nxp/mcuxpressoide_11.2.0_4120/ide/plugins/com.nxp.mcuxpresso.tools.win32_11.2.0.202001021529/tools/bin/../lib/gcc/arm-none-eabi/9.2.1/../../../../arm-none-eabi/lib/thumb/v6-m/nofp\libcr_c.a(errno.o)
                0x1ffff0f0                errno
 .bss.__Ciob    0x1ffff0f4       0xb4 c:/nxp/mcuxpressoide_11.2.0_4120/ide/plugins/com.nxp.mcuxpresso.tools.win32_11.2.0.202001021529/tools/bin/../lib/gcc/arm-none-eabi/9.2.1/../../../../arm-none-eabi/lib/thumb/v6-m/nofp\libcr_nohost_nf.a(__ciob.o)
                0x1ffff0f4                __Ciob
 .bss.state     0x1ffff1a8        0x1 ./source/statemachine.o
                0x1ffff1a8                state
 *(SORT_BY_ALIGNMENT(COMMON))
                0x1ffff1ac                . = ALIGN (0x4)
 *fill*         0x1ffff1a9        0x3 
                0x1ffff1ac                _ebss = .
                [!provide]                PROVIDE (__end_bss_RAM = .)
                [!provide]                PROVIDE (__end_bss_SRAM = .)
                [!provide]                PROVIDE (end = .)

.noinit         0x1ffff1ac        0x0
                0x1ffff1ac                _noinit = .
                [!provide]                PROVIDE (__start_noinit_RAM = .)
                [!provide]                PROVIDE (__start_noinit_SRAM = .)
 *(SORT_BY_ALIGNMENT(.noinit*))
                0x1ffff1ac                . = ALIGN (0x4)
                0x1ffff1ac                _end_noinit = .
                [!provide]                PROVIDE (__end_noinit_RAM = .)
                [!provide]                PROVIDE (__end_noinit_SRAM = .)
                0x00000400                _HeapSize = 0x400

.heap           0x1ffff1ac      0x400
                0x1ffff1ac                _pvHeapStart = .
                0x1ffff5ac                . = (. + _HeapSize)
 *fill*         0x1ffff1ac      0x400 
                0x1ffff5ac                . = ALIGN (0x4)
                0x1ffff5ac                _pvHeapLimit = .
                0x00000400                _StackSize = 0x400

.heap2stackfill
                0x1ffff5ac      0x400
                0x1ffff9ac                . = (. + _StackSize)
 *fill*         0x1ffff5ac      0x400 

.stack          0x20002c00        0x0
                0x20002c00                _vStackBase = .
                0x20002c00                . = ALIGN (0x4)
                0x20003000                _vStackTop = (. + _StackSize)
                0x00000000                _image_start = LOADADDR (.text)
                0x0000387c                _image_end = (LOADADDR (.data) + SIZEOF (.data))
                0x0000387c                _image_size = (_image_end - _image_start)
OUTPUT(Buffahiti_Traffic_Lights.axf elf32-littlearm)

.debug_info     0x00000000     0xac65
 .debug_info    0x00000000      0xe72 ./utilities/fsl_debug_console.o
 .debug_info    0x00000e72      0x4df ./startup/startup_mkl25z4.o
 .debug_info    0x00001351      0x79a ./source/capacitive_touch_sensor.o
 .debug_info    0x00001aeb      0xb57 ./source/gpio_switch.o
 .debug_info    0x00002642      0x515 ./source/main.o
 .debug_info    0x00002b57       0x53 ./source/mtb.o
 .debug_info    0x00002baa      0xafe ./source/pwm.o
 .debug_info    0x000036a8       0x3c ./source/semihost_hardfault.o
 .debug_info    0x000036e4      0x7ed ./source/statemachine.o
 .debug_info    0x00003ed1      0xa70 ./source/systick_timer.o
 .debug_info    0x00004941     0x1a97 ./drivers/fsl_clock.o
 .debug_info    0x000063d8      0x444 ./drivers/fsl_common.o
 .debug_info    0x0000681c     0x1469 ./drivers/fsl_lpsci.o
 .debug_info    0x00007c85     0x140a ./drivers/fsl_uart.o
 .debug_info    0x0000908f      0x6fa ./board/board.o
 .debug_info    0x00009789      0xb00 ./board/clock_config.o
 .debug_info    0x0000a289      0x5a3 ./board/pin_mux.o
 .debug_info    0x0000a82c      0x439 ./CMSIS/system_MKL25Z4.o

.debug_abbrev   0x00000000     0x2266
 .debug_abbrev  0x00000000      0x2d7 ./utilities/fsl_debug_console.o
 .debug_abbrev  0x000002d7      0x18d ./startup/startup_mkl25z4.o
 .debug_abbrev  0x00000464      0x1b2 ./source/capacitive_touch_sensor.o
 .debug_abbrev  0x00000616      0x1db ./source/gpio_switch.o
 .debug_abbrev  0x000007f1      0x12e ./source/main.o
 .debug_abbrev  0x0000091f       0x46 ./source/mtb.o
 .debug_abbrev  0x00000965      0x220 ./source/pwm.o
 .debug_abbrev  0x00000b85       0x31 ./source/semihost_hardfault.o
 .debug_abbrev  0x00000bb6      0x1d5 ./source/statemachine.o
 .debug_abbrev  0x00000d8b      0x215 ./source/systick_timer.o
 .debug_abbrev  0x00000fa0      0x36f ./drivers/fsl_clock.o
 .debug_abbrev  0x0000130f      0x275 ./drivers/fsl_common.o
 .debug_abbrev  0x00001584      0x309 ./drivers/fsl_lpsci.o
 .debug_abbrev  0x0000188d      0x323 ./drivers/fsl_uart.o
 .debug_abbrev  0x00001bb0      0x185 ./board/board.o
 .debug_abbrev  0x00001d35      0x220 ./board/clock_config.o
 .debug_abbrev  0x00001f55      0x1bb ./board/pin_mux.o
 .debug_abbrev  0x00002110      0x156 ./CMSIS/system_MKL25Z4.o

.debug_aranges  0x00000000      0x8a0
 .debug_aranges
                0x00000000       0x90 ./utilities/fsl_debug_console.o
 .debug_aranges
                0x00000090      0x160 ./startup/startup_mkl25z4.o
 .debug_aranges
                0x000001f0       0x28 ./source/capacitive_touch_sensor.o
 .debug_aranges
                0x00000218       0x40 ./source/gpio_switch.o
 .debug_aranges
                0x00000258       0x20 ./source/main.o
 .debug_aranges
                0x00000278       0x18 ./source/mtb.o
 .debug_aranges
                0x00000290       0x30 ./source/pwm.o
 .debug_aranges
                0x000002c0       0x20 ./source/semihost_hardfault.o
 .debug_aranges
                0x000002e0       0x30 ./source/statemachine.o
 .debug_aranges
                0x00000310       0x58 ./source/systick_timer.o
 .debug_aranges
                0x00000368      0x1d8 ./drivers/fsl_clock.o
 .debug_aranges
                0x00000540       0x38 ./drivers/fsl_common.o
 .debug_aranges
                0x00000578      0x118 ./drivers/fsl_lpsci.o
 .debug_aranges
                0x00000690      0x130 ./drivers/fsl_uart.o
 .debug_aranges
                0x000007c0       0x28 ./board/board.o
 .debug_aranges
                0x000007e8       0x58 ./board/clock_config.o
 .debug_aranges
                0x00000840       0x38 ./board/pin_mux.o
 .debug_aranges
                0x00000878       0x28 ./CMSIS/system_MKL25Z4.o

.debug_ranges   0x00000000      0x778
 .debug_ranges  0x00000000       0x80 ./utilities/fsl_debug_console.o
 .debug_ranges  0x00000080      0x150 ./startup/startup_mkl25z4.o
 .debug_ranges  0x000001d0       0x18 ./source/capacitive_touch_sensor.o
 .debug_ranges  0x000001e8       0x30 ./source/gpio_switch.o
 .debug_ranges  0x00000218       0x10 ./source/main.o
 .debug_ranges  0x00000228       0x20 ./source/pwm.o
 .debug_ranges  0x00000248       0x10 ./source/semihost_hardfault.o
 .debug_ranges  0x00000258       0x20 ./source/statemachine.o
 .debug_ranges  0x00000278       0x48 ./source/systick_timer.o
 .debug_ranges  0x000002c0      0x1c8 ./drivers/fsl_clock.o
 .debug_ranges  0x00000488       0x28 ./drivers/fsl_common.o
 .debug_ranges  0x000004b0      0x108 ./drivers/fsl_lpsci.o
 .debug_ranges  0x000005b8      0x120 ./drivers/fsl_uart.o
 .debug_ranges  0x000006d8       0x18 ./board/board.o
 .debug_ranges  0x000006f0       0x48 ./board/clock_config.o
 .debug_ranges  0x00000738       0x28 ./board/pin_mux.o
 .debug_ranges  0x00000760       0x18 ./CMSIS/system_MKL25Z4.o

.debug_macro    0x00000000     0x956a
 .debug_macro   0x00000000      0x127 ./utilities/fsl_debug_console.o
 .debug_macro   0x00000127      0xab4 ./utilities/fsl_debug_console.o
 .debug_macro   0x00000bdb       0x10 ./utilities/fsl_debug_console.o
 .debug_macro   0x00000beb       0x16 ./utilities/fsl_debug_console.o
 .debug_macro   0x00000c01       0x10 ./utilities/fsl_debug_console.o
 .debug_macro   0x00000c11      0x12e ./utilities/fsl_debug_console.o
 .debug_macro   0x00000d3f       0x28 ./utilities/fsl_debug_console.o
 .debug_macro   0x00000d67       0xc4 ./utilities/fsl_debug_console.o
 .debug_macro   0x00000e2b       0x16 ./utilities/fsl_debug_console.o
 .debug_macro   0x00000e41       0x22 ./utilities/fsl_debug_console.o
 .debug_macro   0x00000e63      0x5b3 ./utilities/fsl_debug_console.o
 .debug_macro   0x00001416       0x10 ./utilities/fsl_debug_console.o
 .debug_macro   0x00001426       0x3f ./utilities/fsl_debug_console.o
 .debug_macro   0x00001465       0x3a ./utilities/fsl_debug_console.o
 .debug_macro   0x0000149f       0x26 ./utilities/fsl_debug_console.o
 .debug_macro   0x000014c5      0x329 ./utilities/fsl_debug_console.o
 .debug_macro   0x000017ee       0x30 ./utilities/fsl_debug_console.o
 .debug_macro   0x0000181e     0x51e2 ./utilities/fsl_debug_console.o
 .debug_macro   0x00006a00     0x1352 ./utilities/fsl_debug_console.o
 .debug_macro   0x00007d52       0x3a ./utilities/fsl_debug_console.o
 .debug_macro   0x00007d8c       0xf4 ./utilities/fsl_debug_console.o
 .debug_macro   0x00007e80       0x35 ./utilities/fsl_debug_console.o
 .debug_macro   0x00007eb5       0x2e ./utilities/fsl_debug_console.o
 .debug_macro   0x00007ee3       0x10 ./utilities/fsl_debug_console.o
 .debug_macro   0x00007ef3       0x10 ./utilities/fsl_debug_console.o
 .debug_macro   0x00007f03       0x29 ./startup/startup_mkl25z4.o
 .debug_macro   0x00007f2c      0x193 ./source/capacitive_touch_sensor.o
 .debug_macro   0x000080bf       0xd2 ./source/capacitive_touch_sensor.o
 .debug_macro   0x00008191       0x16 ./source/capacitive_touch_sensor.o
 .debug_macro   0x000081a7       0x10 ./source/capacitive_touch_sensor.o
 .debug_macro   0x000081b7      0x112 ./source/capacitive_touch_sensor.o
 .debug_macro   0x000082c9       0x34 ./source/capacitive_touch_sensor.o
 .debug_macro   0x000082fd       0x76 ./source/capacitive_touch_sensor.o
 .debug_macro   0x00008373       0x10 ./source/capacitive_touch_sensor.o
 .debug_macro   0x00008383       0x10 ./source/capacitive_touch_sensor.o
 .debug_macro   0x00008393      0x17c ./source/gpio_switch.o
 .debug_macro   0x0000850f       0xd8 ./source/gpio_switch.o
 .debug_macro   0x000085e7      0x187 ./source/main.o
 .debug_macro   0x0000876e       0x2f ./source/mtb.o
 .debug_macro   0x0000879d       0x82 ./source/mtb.o
 .debug_macro   0x0000881f       0x10 ./source/mtb.o
 .debug_macro   0x0000882f      0x1b1 ./source/pwm.o
 .debug_macro   0x000089e0       0x11 ./source/semihost_hardfault.o
 .debug_macro   0x000089f1      0x18d ./source/statemachine.o
 .debug_macro   0x00008b7e      0x18d ./source/systick_timer.o
 .debug_macro   0x00008d0b      0x196 ./drivers/fsl_clock.o
 .debug_macro   0x00008ea1       0x1c ./drivers/fsl_clock.o
 .debug_macro   0x00008ebd       0xef ./drivers/fsl_common.o
 .debug_macro   0x00008fac       0xec ./drivers/fsl_lpsci.o
 .debug_macro   0x00009098       0xf2 ./drivers/fsl_uart.o
 .debug_macro   0x0000918a      0x112 ./board/board.o
 .debug_macro   0x0000929c      0x123 ./board/clock_config.o
 .debug_macro   0x000093bf      0x107 ./board/pin_mux.o
 .debug_macro   0x000094c6       0x10 ./board/pin_mux.o
 .debug_macro   0x000094d6       0x94 ./CMSIS/system_MKL25Z4.o

.debug_line     0x00000000     0x7bc6
 .debug_line    0x00000000      0xd20 ./utilities/fsl_debug_console.o
 .debug_line    0x00000d20      0x1e7 ./startup/startup_mkl25z4.o
 .debug_line    0x00000f07      0x5fe ./source/capacitive_touch_sensor.o
 .debug_line    0x00001505      0x65a ./source/gpio_switch.o
 .debug_line    0x00001b5f      0x59a ./source/main.o
 .debug_line    0x000020f9       0xd1 ./source/mtb.o
 .debug_line    0x000021ca      0x70a ./source/pwm.o
 .debug_line    0x000028d4       0x59 ./source/semihost_hardfault.o
 .debug_line    0x0000292d      0x7b0 ./source/statemachine.o
 .debug_line    0x000030dd      0x6c2 ./source/systick_timer.o
 .debug_line    0x0000379f     0x1346 ./drivers/fsl_clock.o
 .debug_line    0x00004ae5      0x516 ./drivers/fsl_common.o
 .debug_line    0x00004ffb      0xdbf ./drivers/fsl_lpsci.o
 .debug_line    0x00005dba      0xdae ./drivers/fsl_uart.o
 .debug_line    0x00006b68      0x48a ./board/board.o
 .debug_line    0x00006ff2      0x48d ./board/clock_config.o
 .debug_line    0x0000747f      0x414 ./board/pin_mux.o
 .debug_line    0x00007893      0x333 ./CMSIS/system_MKL25Z4.o

.debug_str      0x00000000    0x36685
 .debug_str     0x00000000    0x31562 ./utilities/fsl_debug_console.o
                              0x31806 (size before relaxing)
 .debug_str     0x00031562      0x3e1 ./startup/startup_mkl25z4.o
                               0x3259 (size before relaxing)
 .debug_str     0x00031943     0x1454 ./source/capacitive_touch_sensor.o
                              0x31b41 (size before relaxing)
 .debug_str     0x00032d97      0x319 ./source/gpio_switch.o
                              0x31d73 (size before relaxing)
 .debug_str     0x000330b0       0x16 ./source/main.o
                              0x319f3 (size before relaxing)
 .debug_str     0x000330c6      0x532 ./source/mtb.o
                               0x3365 (size before relaxing)
 .debug_str     0x000335f8      0x19b ./source/pwm.o
                              0x320e3 (size before relaxing)
 .debug_str     0x00033793       0x1f ./source/semihost_hardfault.o
                               0x2e52 (size before relaxing)
 .debug_str     0x000337b2       0xcd ./source/statemachine.o
                              0x31fa3 (size before relaxing)
 .debug_str     0x0003387f       0xc2 ./source/systick_timer.o
                              0x3219d (size before relaxing)
 .debug_str     0x00033941     0x14d2 ./drivers/fsl_clock.o
                              0x32360 (size before relaxing)
 .debug_str     0x00034e13      0x113 ./drivers/fsl_common.o
                              0x30947 (size before relaxing)
 .debug_str     0x00034f26      0x95a ./drivers/fsl_lpsci.o
                              0x31968 (size before relaxing)
 .debug_str     0x00035880      0x832 ./drivers/fsl_uart.o
                              0x3198b (size before relaxing)
 .debug_str     0x000360b2       0x4c ./board/board.o
                              0x314a5 (size before relaxing)
 .debug_str     0x000360fe      0x300 ./board/clock_config.o
                              0x3128e (size before relaxing)
 .debug_str     0x000363fe      0x1e1 ./board/pin_mux.o
                              0x309f1 (size before relaxing)
 .debug_str     0x000365df       0xa6 ./CMSIS/system_MKL25Z4.o
                              0x2fc8b (size before relaxing)

.comment        0x00000000       0x79
 .comment       0x00000000       0x79 ./utilities/fsl_debug_console.o
                                 0x7a (size before relaxing)
 .comment       0x00000079       0x7a ./startup/startup_mkl25z4.o
 .comment       0x00000079       0x7a ./source/capacitive_touch_sensor.o
 .comment       0x00000079       0x7a ./source/gpio_switch.o
 .comment       0x00000079       0x7a ./source/main.o
 .comment       0x00000079       0x7a ./source/mtb.o
 .comment       0x00000079       0x7a ./source/pwm.o
 .comment       0x00000079       0x7a ./source/semihost_hardfault.o
 .comment       0x00000079       0x7a ./source/statemachine.o
 .comment       0x00000079       0x7a ./source/systick_timer.o
 .comment       0x00000079       0x7a ./drivers/fsl_clock.o
 .comment       0x00000079       0x7a ./drivers/fsl_common.o
 .comment       0x00000079       0x7a ./drivers/fsl_lpsci.o
 .comment       0x00000079       0x7a ./drivers/fsl_uart.o
 .comment       0x00000079       0x7a ./board/board.o
 .comment       0x00000079       0x7a ./board/clock_config.o
 .comment       0x00000079       0x7a ./board/pin_mux.o
 .comment       0x00000079       0x7a ./CMSIS/system_MKL25Z4.o
 .comment       0x00000079       0x7a c:/nxp/mcuxpressoide_11.2.0_4120/ide/plugins/com.nxp.mcuxpresso.tools.win32_11.2.0.202001021529/tools/bin/../lib/gcc/arm-none-eabi/9.2.1/../../../../arm-none-eabi/lib/thumb/v6-m/nofp\libcr_nohost_nf.a(_cr__main.o)
 .comment       0x00000079       0x7a c:/nxp/mcuxpressoide_11.2.0_4120/ide/plugins/com.nxp.mcuxpresso.tools.win32_11.2.0.202001021529/tools/bin/../lib/gcc/arm-none-eabi/9.2.1/../../../../arm-none-eabi/lib/thumb/v6-m/nofp\libcr_c.a(memset.o)
 .comment       0x00000079       0x7a c:/nxp/mcuxpressoide_11.2.0_4120/ide/plugins/com.nxp.mcuxpresso.tools.win32_11.2.0.202001021529/tools/bin/../lib/gcc/arm-none-eabi/9.2.1/../../../../arm-none-eabi/lib/thumb/v6-m/nofp\libcr_c.a(initio.o)
 .comment       0x00000079       0x7a c:/nxp/mcuxpressoide_11.2.0_4120/ide/plugins/com.nxp.mcuxpresso.tools.win32_11.2.0.202001021529/tools/bin/../lib/gcc/arm-none-eabi/9.2.1/../../../../arm-none-eabi/lib/thumb/v6-m/nofp\libcr_c.a(setvbuf.o)
 .comment       0x00000079       0x7a c:/nxp/mcuxpressoide_11.2.0_4120/ide/plugins/com.nxp.mcuxpresso.tools.win32_11.2.0.202001021529/tools/bin/../lib/gcc/arm-none-eabi/9.2.1/../../../../arm-none-eabi/lib/thumb/v6-m/nofp\libcr_c.a(strlen.o)
 .comment       0x00000079       0x7a c:/nxp/mcuxpressoide_11.2.0_4120/ide/plugins/com.nxp.mcuxpresso.tools.win32_11.2.0.202001021529/tools/bin/../lib/gcc/arm-none-eabi/9.2.1/../../../../arm-none-eabi/lib/thumb/v6-m/nofp\libcr_c.a(_fdopen.o)
 .comment       0x00000079       0x7a c:/nxp/mcuxpressoide_11.2.0_4120/ide/plugins/com.nxp.mcuxpresso.tools.win32_11.2.0.202001021529/tools/bin/../lib/gcc/arm-none-eabi/9.2.1/../../../../arm-none-eabi/lib/thumb/v6-m/nofp\libcr_c.a(fclose.o)
 .comment       0x00000079       0x7a c:/nxp/mcuxpressoide_11.2.0_4120/ide/plugins/com.nxp.mcuxpresso.tools.win32_11.2.0.202001021529/tools/bin/../lib/gcc/arm-none-eabi/9.2.1/../../../../arm-none-eabi/lib/thumb/v6-m/nofp\libcr_c.a(fflush.o)
 .comment       0x00000079       0x7a c:/nxp/mcuxpressoide_11.2.0_4120/ide/plugins/com.nxp.mcuxpresso.tools.win32_11.2.0.202001021529/tools/bin/../lib/gcc/arm-none-eabi/9.2.1/../../../../arm-none-eabi/lib/thumb/v6-m/nofp\libcr_c.a(fseek.o)
 .comment       0x00000079       0x7a c:/nxp/mcuxpressoide_11.2.0_4120/ide/plugins/com.nxp.mcuxpresso.tools.win32_11.2.0.202001021529/tools/bin/../lib/gcc/arm-none-eabi/9.2.1/../../../../arm-none-eabi/lib/thumb/v6-m/nofp\libcr_c.a(ftell.o)
 .comment       0x00000079       0x7a c:/nxp/mcuxpressoide_11.2.0_4120/ide/plugins/com.nxp.mcuxpresso.tools.win32_11.2.0.202001021529/tools/bin/../lib/gcc/arm-none-eabi/9.2.1/../../../../arm-none-eabi/lib/thumb/v6-m/nofp\libcr_c.a(remove.o)
 .comment       0x00000079       0x7a c:/nxp/mcuxpressoide_11.2.0_4120/ide/plugins/com.nxp.mcuxpresso.tools.win32_11.2.0.202001021529/tools/bin/../lib/gcc/arm-none-eabi/9.2.1/../../../../arm-none-eabi/lib/thumb/v6-m/nofp\libcr_c.a(_do_fflush.o)
 .comment       0x00000079       0x7a c:/nxp/mcuxpressoide_11.2.0_4120/ide/plugins/com.nxp.mcuxpresso.tools.win32_11.2.0.202001021529/tools/bin/../lib/gcc/arm-none-eabi/9.2.1/../../../../arm-none-eabi/lib/thumb/v6-m/nofp\libcr_c.a(_fflush.o)
 .comment       0x00000079       0x7a c:/nxp/mcuxpressoide_11.2.0_4120/ide/plugins/com.nxp.mcuxpresso.tools.win32_11.2.0.202001021529/tools/bin/../lib/gcc/arm-none-eabi/9.2.1/../../../../arm-none-eabi/lib/thumb/v6-m/nofp\libcr_c.a(_writebuf.o)
 .comment       0x00000079       0x7a c:/nxp/mcuxpressoide_11.2.0_4120/ide/plugins/com.nxp.mcuxpresso.tools.win32_11.2.0.202001021529/tools/bin/../lib/gcc/arm-none-eabi/9.2.1/../../../../arm-none-eabi/lib/thumb/v6-m/nofp\libcr_c.a(alloc.o)
 .comment       0x00000079       0x7a c:/nxp/mcuxpressoide_11.2.0_4120/ide/plugins/com.nxp.mcuxpresso.tools.win32_11.2.0.202001021529/tools/bin/../lib/gcc/arm-none-eabi/9.2.1/../../../../arm-none-eabi/lib/thumb/v6-m/nofp\libcr_c.a(errno.o)
 .comment       0x00000079       0x7a c:/nxp/mcuxpressoide_11.2.0_4120/ide/plugins/com.nxp.mcuxpresso.tools.win32_11.2.0.202001021529/tools/bin/../lib/gcc/arm-none-eabi/9.2.1/../../../../arm-none-eabi/lib/thumb/v6-m/nofp\libcr_c.a(_deferredlazyseek.o)
 .comment       0x00000079       0x7a c:/nxp/mcuxpressoide_11.2.0_4120/ide/plugins/com.nxp.mcuxpresso.tools.win32_11.2.0.202001021529/tools/bin/../lib/gcc/arm-none-eabi/9.2.1/thumb/v6-m/nofp\libcr_eabihelpers.a(double.o)
 .comment       0x00000079       0x7a c:/nxp/mcuxpressoide_11.2.0_4120/ide/plugins/com.nxp.mcuxpresso.tools.win32_11.2.0.202001021529/tools/bin/../lib/gcc/arm-none-eabi/9.2.1/../../../../arm-none-eabi/lib/thumb/v6-m/nofp\libcr_nohost_nf.a(__ciob.o)
 .comment       0x00000079       0x7a c:/nxp/mcuxpressoide_11.2.0_4120/ide/plugins/com.nxp.mcuxpresso.tools.win32_11.2.0.202001021529/tools/bin/../lib/gcc/arm-none-eabi/9.2.1/../../../../arm-none-eabi/lib/thumb/v6-m/nofp\libcr_nohost_nf.a(__sys_close.o)
 .comment       0x00000079       0x7a c:/nxp/mcuxpressoide_11.2.0_4120/ide/plugins/com.nxp.mcuxpresso.tools.win32_11.2.0.202001021529/tools/bin/../lib/gcc/arm-none-eabi/9.2.1/../../../../arm-none-eabi/lib/thumb/v6-m/nofp\libcr_nohost_nf.a(__sys_flen.o)
 .comment       0x00000079       0x7a c:/nxp/mcuxpressoide_11.2.0_4120/ide/plugins/com.nxp.mcuxpresso.tools.win32_11.2.0.202001021529/tools/bin/../lib/gcc/arm-none-eabi/9.2.1/../../../../arm-none-eabi/lib/thumb/v6-m/nofp\libcr_nohost_nf.a(__sys_istty.o)
 .comment       0x00000079       0x7a c:/nxp/mcuxpressoide_11.2.0_4120/ide/plugins/com.nxp.mcuxpresso.tools.win32_11.2.0.202001021529/tools/bin/../lib/gcc/arm-none-eabi/9.2.1/../../../../arm-none-eabi/lib/thumb/v6-m/nofp\libcr_nohost_nf.a(__sys_remove.o)
 .comment       0x00000079       0x7a c:/nxp/mcuxpressoide_11.2.0_4120/ide/plugins/com.nxp.mcuxpresso.tools.win32_11.2.0.202001021529/tools/bin/../lib/gcc/arm-none-eabi/9.2.1/../../../../arm-none-eabi/lib/thumb/v6-m/nofp\libcr_nohost_nf.a(__sys_seek.o)
 .comment       0x00000079       0x7a c:/nxp/mcuxpressoide_11.2.0_4120/ide/plugins/com.nxp.mcuxpresso.tools.win32_11.2.0.202001021529/tools/bin/../lib/gcc/arm-none-eabi/9.2.1/../../../../arm-none-eabi/lib/thumb/v6-m/nofp\libcr_nohost_nf.a(__sys_tmpnam.o)
 .comment       0x00000079       0x7a c:/nxp/mcuxpressoide_11.2.0_4120/ide/plugins/com.nxp.mcuxpresso.tools.win32_11.2.0.202001021529/tools/bin/../lib/gcc/arm-none-eabi/9.2.1/../../../../arm-none-eabi/lib/thumb/v6-m/nofp\libcr_nohost_nf.a(__sys_write.o)

.ARM.attributes
                0x00000000       0x2a
 .ARM.attributes
                0x00000000       0x2c ./utilities/fsl_debug_console.o
 .ARM.attributes
                0x0000002c       0x2c ./startup/startup_mkl25z4.o
 .ARM.attributes
                0x00000058       0x2c ./source/capacitive_touch_sensor.o
 .ARM.attributes
                0x00000084       0x2c ./source/gpio_switch.o
 .ARM.attributes
                0x000000b0       0x2c ./source/main.o
 .ARM.attributes
                0x000000dc       0x32 ./source/mtb.o
 .ARM.attributes
                0x0000010e       0x2c ./source/pwm.o
 .ARM.attributes
                0x0000013a       0x2c ./source/semihost_hardfault.o
 .ARM.attributes
                0x00000166       0x2c ./source/statemachine.o
 .ARM.attributes
                0x00000192       0x2c ./source/systick_timer.o
 .ARM.attributes
                0x000001be       0x2c ./drivers/fsl_clock.o
 .ARM.attributes
                0x000001ea       0x2c ./drivers/fsl_common.o
 .ARM.attributes
                0x00000216       0x2c ./drivers/fsl_lpsci.o
 .ARM.attributes
                0x00000242       0x2c ./drivers/fsl_uart.o
 .ARM.attributes
                0x0000026e       0x2c ./board/board.o
 .ARM.attributes
                0x0000029a       0x2c ./board/clock_config.o
 .ARM.attributes
                0x000002c6       0x2c ./board/pin_mux.o
 .ARM.attributes
                0x000002f2       0x2c ./CMSIS/system_MKL25Z4.o
 .ARM.attributes
                0x0000031e       0x2c c:/nxp/mcuxpressoide_11.2.0_4120/ide/plugins/com.nxp.mcuxpresso.tools.win32_11.2.0.202001021529/tools/bin/../lib/gcc/arm-none-eabi/9.2.1/../../../../arm-none-eabi/lib/thumb/v6-m/nofp\libcr_nohost_nf.a(_cr__main.o)
 .ARM.attributes
                0x0000034a       0x2c c:/nxp/mcuxpressoide_11.2.0_4120/ide/plugins/com.nxp.mcuxpresso.tools.win32_11.2.0.202001021529/tools/bin/../lib/gcc/arm-none-eabi/9.2.1/../../../../arm-none-eabi/lib/thumb/v6-m/nofp\libcr_c.a(memset.o)
 .ARM.attributes
                0x00000376       0x2c c:/nxp/mcuxpressoide_11.2.0_4120/ide/plugins/com.nxp.mcuxpresso.tools.win32_11.2.0.202001021529/tools/bin/../lib/gcc/arm-none-eabi/9.2.1/../../../../arm-none-eabi/lib/thumb/v6-m/nofp\libcr_c.a(initio.o)
 .ARM.attributes
                0x000003a2       0x2c c:/nxp/mcuxpressoide_11.2.0_4120/ide/plugins/com.nxp.mcuxpresso.tools.win32_11.2.0.202001021529/tools/bin/../lib/gcc/arm-none-eabi/9.2.1/../../../../arm-none-eabi/lib/thumb/v6-m/nofp\libcr_c.a(setvbuf.o)
 .ARM.attributes
                0x000003ce       0x2c c:/nxp/mcuxpressoide_11.2.0_4120/ide/plugins/com.nxp.mcuxpresso.tools.win32_11.2.0.202001021529/tools/bin/../lib/gcc/arm-none-eabi/9.2.1/../../../../arm-none-eabi/lib/thumb/v6-m/nofp\libcr_c.a(strlen.o)
 .ARM.attributes
                0x000003fa       0x2c c:/nxp/mcuxpressoide_11.2.0_4120/ide/plugins/com.nxp.mcuxpresso.tools.win32_11.2.0.202001021529/tools/bin/../lib/gcc/arm-none-eabi/9.2.1/../../../../arm-none-eabi/lib/thumb/v6-m/nofp\libcr_c.a(_fdopen.o)
 .ARM.attributes
                0x00000426       0x2c c:/nxp/mcuxpressoide_11.2.0_4120/ide/plugins/com.nxp.mcuxpresso.tools.win32_11.2.0.202001021529/tools/bin/../lib/gcc/arm-none-eabi/9.2.1/../../../../arm-none-eabi/lib/thumb/v6-m/nofp\libcr_c.a(fclose.o)
 .ARM.attributes
                0x00000452       0x2c c:/nxp/mcuxpressoide_11.2.0_4120/ide/plugins/com.nxp.mcuxpresso.tools.win32_11.2.0.202001021529/tools/bin/../lib/gcc/arm-none-eabi/9.2.1/../../../../arm-none-eabi/lib/thumb/v6-m/nofp\libcr_c.a(fflush.o)
 .ARM.attributes
                0x0000047e       0x2c c:/nxp/mcuxpressoide_11.2.0_4120/ide/plugins/com.nxp.mcuxpresso.tools.win32_11.2.0.202001021529/tools/bin/../lib/gcc/arm-none-eabi/9.2.1/../../../../arm-none-eabi/lib/thumb/v6-m/nofp\libcr_c.a(fseek.o)
 .ARM.attributes
                0x000004aa       0x2c c:/nxp/mcuxpressoide_11.2.0_4120/ide/plugins/com.nxp.mcuxpresso.tools.win32_11.2.0.202001021529/tools/bin/../lib/gcc/arm-none-eabi/9.2.1/../../../../arm-none-eabi/lib/thumb/v6-m/nofp\libcr_c.a(ftell.o)
 .ARM.attributes
                0x000004d6       0x2c c:/nxp/mcuxpressoide_11.2.0_4120/ide/plugins/com.nxp.mcuxpresso.tools.win32_11.2.0.202001021529/tools/bin/../lib/gcc/arm-none-eabi/9.2.1/../../../../arm-none-eabi/lib/thumb/v6-m/nofp\libcr_c.a(remove.o)
 .ARM.attributes
                0x00000502       0x2c c:/nxp/mcuxpressoide_11.2.0_4120/ide/plugins/com.nxp.mcuxpresso.tools.win32_11.2.0.202001021529/tools/bin/../lib/gcc/arm-none-eabi/9.2.1/../../../../arm-none-eabi/lib/thumb/v6-m/nofp\libcr_c.a(_do_fflush.o)
 .ARM.attributes
                0x0000052e       0x2c c:/nxp/mcuxpressoide_11.2.0_4120/ide/plugins/com.nxp.mcuxpresso.tools.win32_11.2.0.202001021529/tools/bin/../lib/gcc/arm-none-eabi/9.2.1/../../../../arm-none-eabi/lib/thumb/v6-m/nofp\libcr_c.a(_fflush.o)
 .ARM.attributes
                0x0000055a       0x2c c:/nxp/mcuxpressoide_11.2.0_4120/ide/plugins/com.nxp.mcuxpresso.tools.win32_11.2.0.202001021529/tools/bin/../lib/gcc/arm-none-eabi/9.2.1/../../../../arm-none-eabi/lib/thumb/v6-m/nofp\libcr_c.a(_writebuf.o)
 .ARM.attributes
                0x00000586       0x2c c:/nxp/mcuxpressoide_11.2.0_4120/ide/plugins/com.nxp.mcuxpresso.tools.win32_11.2.0.202001021529/tools/bin/../lib/gcc/arm-none-eabi/9.2.1/../../../../arm-none-eabi/lib/thumb/v6-m/nofp\libcr_c.a(alloc.o)
 .ARM.attributes
                0x000005b2       0x31 c:/nxp/mcuxpressoide_11.2.0_4120/ide/plugins/com.nxp.mcuxpresso.tools.win32_11.2.0.202001021529/tools/bin/../lib/gcc/arm-none-eabi/9.2.1/../../../../arm-none-eabi/lib/thumb/v6-m/nofp\libcr_c.a(errno.o)
 .ARM.attributes
                0x000005e3       0x2c c:/nxp/mcuxpressoide_11.2.0_4120/ide/plugins/com.nxp.mcuxpresso.tools.win32_11.2.0.202001021529/tools/bin/../lib/gcc/arm-none-eabi/9.2.1/../../../../arm-none-eabi/lib/thumb/v6-m/nofp\libcr_c.a(_deferredlazyseek.o)
 .ARM.attributes
                0x0000060f       0x1c c:/nxp/mcuxpressoide_11.2.0_4120/ide/plugins/com.nxp.mcuxpresso.tools.win32_11.2.0.202001021529/tools/bin/../lib/gcc/arm-none-eabi/9.2.1/thumb/v6-m/nofp\libcr_eabihelpers.a(division_32.o)
 .ARM.attributes
                0x0000062b       0x1c c:/nxp/mcuxpressoide_11.2.0_4120/ide/plugins/com.nxp.mcuxpresso.tools.win32_11.2.0.202001021529/tools/bin/../lib/gcc/arm-none-eabi/9.2.1/thumb/v6-m/nofp\libcr_eabihelpers.a(division_idiv0.o)
 .ARM.attributes
                0x00000647       0x2c c:/nxp/mcuxpressoide_11.2.0_4120/ide/plugins/com.nxp.mcuxpresso.tools.win32_11.2.0.202001021529/tools/bin/../lib/gcc/arm-none-eabi/9.2.1/thumb/v6-m/nofp\libcr_eabihelpers.a(double.o)
 .ARM.attributes
                0x00000673       0x1c c:/nxp/mcuxpressoide_11.2.0_4120/ide/plugins/com.nxp.mcuxpresso.tools.win32_11.2.0.202001021529/tools/bin/../lib/gcc/arm-none-eabi/9.2.1/thumb/v6-m/nofp\libcr_eabihelpers.a(llong.o)
 .ARM.attributes
                0x0000068f       0x1c c:/nxp/mcuxpressoide_11.2.0_4120/ide/plugins/com.nxp.mcuxpresso.tools.win32_11.2.0.202001021529/tools/bin/../lib/gcc/arm-none-eabi/9.2.1/thumb/v6-m/nofp\libcr_eabihelpers.a(memcpy.o)
 .ARM.attributes
                0x000006ab       0x31 c:/nxp/mcuxpressoide_11.2.0_4120/ide/plugins/com.nxp.mcuxpresso.tools.win32_11.2.0.202001021529/tools/bin/../lib/gcc/arm-none-eabi/9.2.1/../../../../arm-none-eabi/lib/thumb/v6-m/nofp\libcr_nohost_nf.a(__ciob.o)
 .ARM.attributes
                0x000006dc       0x2c c:/nxp/mcuxpressoide_11.2.0_4120/ide/plugins/com.nxp.mcuxpresso.tools.win32_11.2.0.202001021529/tools/bin/../lib/gcc/arm-none-eabi/9.2.1/../../../../arm-none-eabi/lib/thumb/v6-m/nofp\libcr_nohost_nf.a(__sys_close.o)
 .ARM.attributes
                0x00000708       0x2c c:/nxp/mcuxpressoide_11.2.0_4120/ide/plugins/com.nxp.mcuxpresso.tools.win32_11.2.0.202001021529/tools/bin/../lib/gcc/arm-none-eabi/9.2.1/../../../../arm-none-eabi/lib/thumb/v6-m/nofp\libcr_nohost_nf.a(__sys_flen.o)
 .ARM.attributes
                0x00000734       0x2c c:/nxp/mcuxpressoide_11.2.0_4120/ide/plugins/com.nxp.mcuxpresso.tools.win32_11.2.0.202001021529/tools/bin/../lib/gcc/arm-none-eabi/9.2.1/../../../../arm-none-eabi/lib/thumb/v6-m/nofp\libcr_nohost_nf.a(__sys_istty.o)
 .ARM.attributes
                0x00000760       0x2c c:/nxp/mcuxpressoide_11.2.0_4120/ide/plugins/com.nxp.mcuxpresso.tools.win32_11.2.0.202001021529/tools/bin/../lib/gcc/arm-none-eabi/9.2.1/../../../../arm-none-eabi/lib/thumb/v6-m/nofp\libcr_nohost_nf.a(__sys_remove.o)
 .ARM.attributes
                0x0000078c       0x2c c:/nxp/mcuxpressoide_11.2.0_4120/ide/plugins/com.nxp.mcuxpresso.tools.win32_11.2.0.202001021529/tools/bin/../lib/gcc/arm-none-eabi/9.2.1/../../../../arm-none-eabi/lib/thumb/v6-m/nofp\libcr_nohost_nf.a(__sys_seek.o)
 .ARM.attributes
                0x000007b8       0x2c c:/nxp/mcuxpressoide_11.2.0_4120/ide/plugins/com.nxp.mcuxpresso.tools.win32_11.2.0.202001021529/tools/bin/../lib/gcc/arm-none-eabi/9.2.1/../../../../arm-none-eabi/lib/thumb/v6-m/nofp\libcr_nohost_nf.a(__sys_tmpnam.o)
 .ARM.attributes
                0x000007e4       0x2c c:/nxp/mcuxpressoide_11.2.0_4120/ide/plugins/com.nxp.mcuxpresso.tools.win32_11.2.0.202001021529/tools/bin/../lib/gcc/arm-none-eabi/9.2.1/../../../../arm-none-eabi/lib/thumb/v6-m/nofp\libcr_nohost_nf.a(__sys_write.o)

.debug_frame    0x00000000     0x1ac0
 .debug_frame   0x00000000      0x1f0 ./utilities/fsl_debug_console.o
 .debug_frame   0x000001f0      0x3b0 ./startup/startup_mkl25z4.o
 .debug_frame   0x000005a0       0x4c ./source/capacitive_touch_sensor.o
 .debug_frame   0x000005ec       0xa8 ./source/gpio_switch.o
 .debug_frame   0x00000694       0x2c ./source/main.o
 .debug_frame   0x000006c0       0x70 ./source/pwm.o
 .debug_frame   0x00000730       0x20 ./source/semihost_hardfault.o
 .debug_frame   0x00000750       0x70 ./source/statemachine.o
 .debug_frame   0x000007c0       0xf4 ./source/systick_timer.o
 .debug_frame   0x000008b4      0x6e0 ./drivers/fsl_clock.o
 .debug_frame   0x00000f94       0x90 ./drivers/fsl_common.o
 .debug_frame   0x00001024      0x414 ./drivers/fsl_lpsci.o
 .debug_frame   0x00001438      0x464 ./drivers/fsl_uart.o
 .debug_frame   0x0000189c       0x50 ./board/board.o
 .debug_frame   0x000018ec      0x100 ./board/clock_config.o
 .debug_frame   0x000019ec       0x88 ./board/pin_mux.o
 .debug_frame   0x00001a74       0x4c ./CMSIS/system_MKL25Z4.o

Cross Reference Table

Symbol                                            File
ADC0_DriverIRQHandler                             ./startup/startup_mkl25z4.o
ADC0_IRQHandler                                   ./startup/startup_mkl25z4.o
BOARD_BootClockRUN                                ./board/clock_config.o
BOARD_BootClockVLPR                               ./board/clock_config.o
BOARD_InitBootClocks                              ./board/clock_config.o
                                                  ./source/main.o
BOARD_InitBootPeripherals                         ./board/peripherals.o
BOARD_InitBootPins                                ./board/pin_mux.o
                                                  ./source/main.o
BOARD_InitDebugConsole                            ./board/board.o
                                                  ./source/main.o
BOARD_InitPins                                    ./board/pin_mux.o
CLOCK_BootToBlpeMode                              ./drivers/fsl_clock.o
CLOCK_BootToBlpiMode                              ./drivers/fsl_clock.o
                                                  ./board/clock_config.o
CLOCK_BootToFeeMode                               ./drivers/fsl_clock.o
CLOCK_BootToFeiMode                               ./drivers/fsl_clock.o
CLOCK_BootToPeeMode                               ./drivers/fsl_clock.o
                                                  ./board/clock_config.o
CLOCK_CalcPllDiv                                  ./drivers/fsl_clock.o
CLOCK_ClearStatusFlags                            ./drivers/fsl_clock.o
CLOCK_DeinitOsc0                                  ./drivers/fsl_clock.o
CLOCK_EnablePll0                                  ./drivers/fsl_clock.o
CLOCK_EnableUsbfs0Clock                           ./drivers/fsl_clock.o
CLOCK_ExternalModeToFbeModeQuick                  ./drivers/fsl_clock.o
CLOCK_FllStableDelay                              ./drivers/fsl_clock.o
CLOCK_GetBusClkFreq                               ./drivers/fsl_clock.o
CLOCK_GetCoreSysClkFreq                           ./drivers/fsl_clock.o
CLOCK_GetEr32kClkFreq                             ./drivers/fsl_clock.o
CLOCK_GetFixedFreqClkFreq                         ./drivers/fsl_clock.o
CLOCK_GetFlashClkFreq                             ./drivers/fsl_clock.o
CLOCK_GetFllFreq                                  ./drivers/fsl_clock.o
CLOCK_GetFreq                                     ./drivers/fsl_clock.o
CLOCK_GetInternalRefClkFreq                       ./drivers/fsl_clock.o
CLOCK_GetMode                                     ./drivers/fsl_clock.o
CLOCK_GetOsc0ErClkFreq                            ./drivers/fsl_clock.o
CLOCK_GetOutClkFreq                               ./drivers/fsl_clock.o
CLOCK_GetPlatClkFreq                              ./drivers/fsl_clock.o
CLOCK_GetPll0Freq                                 ./drivers/fsl_clock.o
CLOCK_GetPllFllSelClkFreq                         ./drivers/fsl_clock.o
                                                  ./board/board.o
CLOCK_GetStatusFlags                              ./drivers/fsl_clock.o
CLOCK_InitOsc0                                    ./drivers/fsl_clock.o
                                                  ./board/clock_config.o
CLOCK_InternalModeToFbiModeQuick                  ./drivers/fsl_clock.o
CLOCK_SetBlpeMode                                 ./drivers/fsl_clock.o
CLOCK_SetBlpiMode                                 ./drivers/fsl_clock.o
CLOCK_SetExternalRefClkConfig                     ./drivers/fsl_clock.o
CLOCK_SetFbeMode                                  ./drivers/fsl_clock.o
CLOCK_SetFbiMode                                  ./drivers/fsl_clock.o
CLOCK_SetFeeMode                                  ./drivers/fsl_clock.o
CLOCK_SetFeiMode                                  ./drivers/fsl_clock.o
CLOCK_SetInternalRefClkConfig                     ./drivers/fsl_clock.o
                                                  ./board/clock_config.o
CLOCK_SetMcgConfig                                ./drivers/fsl_clock.o
CLOCK_SetOsc0MonitorMode                          ./drivers/fsl_clock.o
CLOCK_SetPbeMode                                  ./drivers/fsl_clock.o
CLOCK_SetPeeMode                                  ./drivers/fsl_clock.o
CLOCK_SetPll0MonitorMode                          ./drivers/fsl_clock.o
CLOCK_SetSimConfig                                ./drivers/fsl_clock.o
                                                  ./board/clock_config.o
CLOCK_TrimInternalRefClk                          ./drivers/fsl_clock.o
CMP0_DriverIRQHandler                             ./startup/startup_mkl25z4.o
CMP0_IRQHandler                                   ./startup/startup_mkl25z4.o
DAC0_DriverIRQHandler                             ./startup/startup_mkl25z4.o
DAC0_IRQHandler                                   ./startup/startup_mkl25z4.o
DMA0_DriverIRQHandler                             ./startup/startup_mkl25z4.o
DMA0_IRQHandler                                   ./startup/startup_mkl25z4.o
DMA1_DriverIRQHandler                             ./startup/startup_mkl25z4.o
DMA1_IRQHandler                                   ./startup/startup_mkl25z4.o
DMA2_DriverIRQHandler                             ./startup/startup_mkl25z4.o
DMA2_IRQHandler                                   ./startup/startup_mkl25z4.o
DMA3_DriverIRQHandler                             ./startup/startup_mkl25z4.o
DMA3_IRQHandler                                   ./startup/startup_mkl25z4.o
DbgConsole_Deinit                                 ./utilities/fsl_debug_console.o
DbgConsole_Getchar                                ./utilities/fsl_debug_console.o
DbgConsole_Init                                   ./utilities/fsl_debug_console.o
                                                  ./board/board.o
DbgConsole_Printf                                 ./utilities/fsl_debug_console.o
                                                  ./drivers/fsl_common.o
                                                  ./source/statemachine.o
                                                  ./source/main.o
DbgConsole_Putchar                                ./utilities/fsl_debug_console.o
DbgConsole_Scanf                                  ./utilities/fsl_debug_console.o
FLASH_Erase                                       ./drivers/fsl_flash.o
FLASH_EraseAll                                    ./drivers/fsl_flash.o
FLASH_EraseAllExecuteOnlySegments                 ./drivers/fsl_flash.o
FLASH_GetProperty                                 ./drivers/fsl_flash.o
FLASH_GetSecurityState                            ./drivers/fsl_flash.o
FLASH_Init                                        ./drivers/fsl_flash.o
FLASH_IsExecuteOnly                               ./drivers/fsl_flash.o
FLASH_IsProtected                                 ./drivers/fsl_flash.o
FLASH_PflashGetPrefetchSpeculation                ./drivers/fsl_flash.o
FLASH_PflashGetProtection                         ./drivers/fsl_flash.o
FLASH_PflashSetPrefetchSpeculation                ./drivers/fsl_flash.o
                                                  ./drivers/fsl_smc.o
FLASH_PflashSetProtection                         ./drivers/fsl_flash.o
FLASH_PrepareExecuteInRamFunctions                ./drivers/fsl_flash.o
FLASH_Program                                     ./drivers/fsl_flash.o
FLASH_ProgramOnce                                 ./drivers/fsl_flash.o
FLASH_ReadOnce                                    ./drivers/fsl_flash.o
FLASH_ReadResource                                ./drivers/fsl_flash.o
FLASH_SecurityBypass                              ./drivers/fsl_flash.o
FLASH_SetCallback                                 ./drivers/fsl_flash.o
FLASH_SetProperty                                 ./drivers/fsl_flash.o
FLASH_VerifyErase                                 ./drivers/fsl_flash.o
FLASH_VerifyEraseAll                              ./drivers/fsl_flash.o
FLASH_VerifyEraseAllExecuteOnlySegments           ./drivers/fsl_flash.o
FLASH_VerifyProgram                               ./drivers/fsl_flash.o
FTFA_DriverIRQHandler                             ./startup/startup_mkl25z4.o
FTFA_IRQHandler                                   ./startup/startup_mkl25z4.o
Flash_Config                                      ./startup/startup_mkl25z4.o
GPIO_ClearPinsInterruptFlags                      ./drivers/fsl_gpio.o
GPIO_GetPinsInterruptFlags                        ./drivers/fsl_gpio.o
GPIO_PinInit                                      ./drivers/fsl_gpio.o
HardFault_Handler                                 ./source/semihost_hardfault.o
                                                  ./startup/startup_mkl25z4.o
I2C0_DriverIRQHandler                             ./startup/startup_mkl25z4.o
I2C0_IRQHandler                                   ./startup/startup_mkl25z4.o
I2C1_DriverIRQHandler                             ./startup/startup_mkl25z4.o
I2C1_IRQHandler                                   ./startup/startup_mkl25z4.o
InstallIRQHandler                                 ./drivers/fsl_common.o
IntDefaultHandler                                 ./startup/startup_mkl25z4.o
LLWU_DriverIRQHandler                             ./startup/startup_mkl25z4.o
LLWU_IRQHandler                                   ./startup/startup_mkl25z4.o
LPSCI_ClearStatusFlags                            ./drivers/fsl_lpsci.o
LPSCI_Deinit                                      ./drivers/fsl_lpsci.o
                                                  ./utilities/fsl_debug_console.o
LPSCI_DisableInterrupts                           ./drivers/fsl_lpsci.o
LPSCI_EnableInterrupts                            ./drivers/fsl_lpsci.o
LPSCI_GetDefaultConfig                            ./drivers/fsl_lpsci.o
                                                  ./utilities/fsl_debug_console.o
LPSCI_GetEnabledInterrupts                        ./drivers/fsl_lpsci.o
LPSCI_GetInstance                                 ./drivers/fsl_lpsci.o
LPSCI_GetStatusFlags                              ./drivers/fsl_lpsci.o
LPSCI_Init                                        ./drivers/fsl_lpsci.o
                                                  ./utilities/fsl_debug_console.o
LPSCI_ReadBlocking                                ./drivers/fsl_lpsci.o
                                                  ./utilities/fsl_debug_console.o
LPSCI_SetBaudRate                                 ./drivers/fsl_lpsci.o
LPSCI_TransferAbortReceive                        ./drivers/fsl_lpsci.o
LPSCI_TransferAbortSend                           ./drivers/fsl_lpsci.o
LPSCI_TransferCreateHandle                        ./drivers/fsl_lpsci.o
LPSCI_TransferGetReceiveCount                     ./drivers/fsl_lpsci.o
LPSCI_TransferGetSendCount                        ./drivers/fsl_lpsci.o
LPSCI_TransferHandleErrorIRQ                      ./drivers/fsl_lpsci.o
LPSCI_TransferHandleIRQ                           ./drivers/fsl_lpsci.o
LPSCI_TransferReceiveNonBlocking                  ./drivers/fsl_lpsci.o
LPSCI_TransferSendNonBlocking                     ./drivers/fsl_lpsci.o
LPSCI_TransferStartRingBuffer                     ./drivers/fsl_lpsci.o
LPSCI_TransferStopRingBuffer                      ./drivers/fsl_lpsci.o
LPSCI_WriteBlocking                               ./drivers/fsl_lpsci.o
                                                  ./utilities/fsl_debug_console.o
LPTMR0_DriverIRQHandler                           ./startup/startup_mkl25z4.o
LPTMR0_IRQHandler                                 ./startup/startup_mkl25z4.o
LVD_LVW_DriverIRQHandler                          ./startup/startup_mkl25z4.o
LVD_LVW_IRQHandler                                ./startup/startup_mkl25z4.o
MCG_DriverIRQHandler                              ./startup/startup_mkl25z4.o
MCG_IRQHandler                                    ./startup/startup_mkl25z4.o
NMI_Handler                                       ./startup/startup_mkl25z4.o
PIT_DriverIRQHandler                              ./startup/startup_mkl25z4.o
PIT_IRQHandler                                    ./startup/startup_mkl25z4.o
PORTA_DriverIRQHandler                            ./startup/startup_mkl25z4.o
PORTA_IRQHandler                                  ./startup/startup_mkl25z4.o
PORTD_DriverIRQHandler                            ./startup/startup_mkl25z4.o
PORTD_IRQHandler                                  ./source/gpio_switch.o
                                                  ./startup/startup_mkl25z4.o
PendSV_Handler                                    ./startup/startup_mkl25z4.o
RTC_DriverIRQHandler                              ./startup/startup_mkl25z4.o
RTC_IRQHandler                                    ./startup/startup_mkl25z4.o
RTC_Seconds_DriverIRQHandler                      ./startup/startup_mkl25z4.o
RTC_Seconds_IRQHandler                            ./startup/startup_mkl25z4.o
Reserved20_DriverIRQHandler                       ./startup/startup_mkl25z4.o
Reserved20_IRQHandler                             ./startup/startup_mkl25z4.o
Reserved39_DriverIRQHandler                       ./startup/startup_mkl25z4.o
Reserved39_IRQHandler                             ./startup/startup_mkl25z4.o
Reserved45_DriverIRQHandler                       ./startup/startup_mkl25z4.o
Reserved45_IRQHandler                             ./startup/startup_mkl25z4.o
ResetISR                                          ./startup/startup_mkl25z4.o
SMC_PostExitStopModes                             ./drivers/fsl_smc.o
SMC_PreEnterStopModes                             ./drivers/fsl_smc.o
SMC_SetPowerModeLls                               ./drivers/fsl_smc.o
SMC_SetPowerModeRun                               ./drivers/fsl_smc.o
SMC_SetPowerModeStop                              ./drivers/fsl_smc.o
SMC_SetPowerModeVlls                              ./drivers/fsl_smc.o
SMC_SetPowerModeVlpr                              ./drivers/fsl_smc.o
                                                  ./board/clock_config.o
SMC_SetPowerModeVlps                              ./drivers/fsl_smc.o
SMC_SetPowerModeVlpw                              ./drivers/fsl_smc.o
SMC_SetPowerModeWait                              ./drivers/fsl_smc.o
SPI0_DriverIRQHandler                             ./startup/startup_mkl25z4.o
SPI0_IRQHandler                                   ./startup/startup_mkl25z4.o
SPI1_DriverIRQHandler                             ./startup/startup_mkl25z4.o
SPI1_IRQHandler                                   ./startup/startup_mkl25z4.o
SVC_Handler                                       ./startup/startup_mkl25z4.o
Statemachine                                      ./source/statemachine.o
                                                  ./source/main.o
SysTick_Handler                                   ./source/systick_timer.o
                                                  ./startup/startup_mkl25z4.o
SystemCoreClock                                   ./CMSIS/system_MKL25Z4.o
                                                  ./board/clock_config.o
SystemCoreClockUpdate                             ./CMSIS/system_MKL25Z4.o
SystemInit                                        ./CMSIS/system_MKL25Z4.o
                                                  ./startup/startup_mkl25z4.o
TPM0_DriverIRQHandler                             ./startup/startup_mkl25z4.o
TPM0_IRQHandler                                   ./startup/startup_mkl25z4.o
TPM1_DriverIRQHandler                             ./startup/startup_mkl25z4.o
TPM1_IRQHandler                                   ./startup/startup_mkl25z4.o
TPM2_DriverIRQHandler                             ./startup/startup_mkl25z4.o
TPM2_IRQHandler                                   ./startup/startup_mkl25z4.o
TSI0_DriverIRQHandler                             ./startup/startup_mkl25z4.o
TSI0_IRQHandler                                   ./startup/startup_mkl25z4.o
TSI_val                                           ./source/statemachine.o
UART0_DriverIRQHandler                            ./drivers/fsl_lpsci.o
                                                  ./startup/startup_mkl25z4.o
UART0_IRQHandler                                  ./startup/startup_mkl25z4.o
UART1_DriverIRQHandler                            ./drivers/fsl_uart.o
                                                  ./startup/startup_mkl25z4.o
UART1_IRQHandler                                  ./startup/startup_mkl25z4.o
UART1_RX_TX_DriverIRQHandler                      ./drivers/fsl_uart.o
UART2_DriverIRQHandler                            ./drivers/fsl_uart.o
                                                  ./startup/startup_mkl25z4.o
UART2_IRQHandler                                  ./startup/startup_mkl25z4.o
UART2_RX_TX_DriverIRQHandler                      ./drivers/fsl_uart.o
UART_ClearStatusFlags                             ./drivers/fsl_uart.o
UART_Deinit                                       ./drivers/fsl_uart.o
                                                  ./utilities/fsl_debug_console.o
UART_DisableInterrupts                            ./drivers/fsl_uart.o
UART_EnableInterrupts                             ./drivers/fsl_uart.o
UART_GetDefaultConfig                             ./drivers/fsl_uart.o
                                                  ./utilities/fsl_debug_console.o
UART_GetEnabledInterrupts                         ./drivers/fsl_uart.o
UART_GetInstance                                  ./drivers/fsl_uart.o
UART_GetStatusFlags                               ./drivers/fsl_uart.o
UART_Init                                         ./drivers/fsl_uart.o
                                                  ./utilities/fsl_debug_console.o
UART_ReadBlocking                                 ./drivers/fsl_uart.o
                                                  ./utilities/fsl_debug_console.o
UART_SetBaudRate                                  ./drivers/fsl_uart.o
UART_TransferAbortReceive                         ./drivers/fsl_uart.o
UART_TransferAbortSend                            ./drivers/fsl_uart.o
UART_TransferCreateHandle                         ./drivers/fsl_uart.o
UART_TransferGetReceiveCount                      ./drivers/fsl_uart.o
UART_TransferGetSendCount                         ./drivers/fsl_uart.o
UART_TransferHandleErrorIRQ                       ./drivers/fsl_uart.o
UART_TransferHandleIRQ                            ./drivers/fsl_uart.o
UART_TransferReceiveNonBlocking                   ./drivers/fsl_uart.o
UART_TransferSendNonBlocking                      ./drivers/fsl_uart.o
UART_TransferStartRingBuffer                      ./drivers/fsl_uart.o
UART_TransferStopRingBuffer                       ./drivers/fsl_uart.o
UART_WriteBlocking                                ./drivers/fsl_uart.o
                                                  ./utilities/fsl_debug_console.o
USB0_DriverIRQHandler                             ./startup/startup_mkl25z4.o
USB0_IRQHandler                                   ./startup/startup_mkl25z4.o
_Csys_alloc                                       c:/nxp/mcuxpressoide_11.2.0_4120/ide/plugins/com.nxp.mcuxpresso.tools.win32_11.2.0.202001021529/tools/bin/../lib/gcc/arm-none-eabi/9.2.1/../../../../arm-none-eabi/lib/thumb/v6-m/nofp\libcr_c.a(alloc.o)
                                                  c:/nxp/mcuxpressoide_11.2.0_4120/ide/plugins/com.nxp.mcuxpresso.tools.win32_11.2.0.202001021529/tools/bin/../lib/gcc/arm-none-eabi/9.2.1/../../../../arm-none-eabi/lib/thumb/v6-m/nofp\libcr_c.a(_deferredlazyseek.o)
_Cwritebuf                                        c:/nxp/mcuxpressoide_11.2.0_4120/ide/plugins/com.nxp.mcuxpresso.tools.win32_11.2.0.202001021529/tools/bin/../lib/gcc/arm-none-eabi/9.2.1/../../../../arm-none-eabi/lib/thumb/v6-m/nofp\libcr_c.a(_writebuf.o)
                                                  c:/nxp/mcuxpressoide_11.2.0_4120/ide/plugins/com.nxp.mcuxpresso.tools.win32_11.2.0.202001021529/tools/bin/../lib/gcc/arm-none-eabi/9.2.1/../../../../arm-none-eabi/lib/thumb/v6-m/nofp\libcr_c.a(_deferredlazyseek.o)
                                                  c:/nxp/mcuxpressoide_11.2.0_4120/ide/plugins/com.nxp.mcuxpresso.tools.win32_11.2.0.202001021529/tools/bin/../lib/gcc/arm-none-eabi/9.2.1/../../../../arm-none-eabi/lib/thumb/v6-m/nofp\libcr_c.a(_fflush.o)
__Ciob                                            c:/nxp/mcuxpressoide_11.2.0_4120/ide/plugins/com.nxp.mcuxpresso.tools.win32_11.2.0.202001021529/tools/bin/../lib/gcc/arm-none-eabi/9.2.1/../../../../arm-none-eabi/lib/thumb/v6-m/nofp\libcr_nohost_nf.a(__ciob.o)
                                                  c:/nxp/mcuxpressoide_11.2.0_4120/ide/plugins/com.nxp.mcuxpresso.tools.win32_11.2.0.202001021529/tools/bin/../lib/gcc/arm-none-eabi/9.2.1/../../../../arm-none-eabi/lib/thumb/v6-m/nofp\libcr_c.a(fflush.o)
                                                  c:/nxp/mcuxpressoide_11.2.0_4120/ide/plugins/com.nxp.mcuxpresso.tools.win32_11.2.0.202001021529/tools/bin/../lib/gcc/arm-none-eabi/9.2.1/../../../../arm-none-eabi/lib/thumb/v6-m/nofp\libcr_c.a(initio.o)
__RAM_VECTOR_TABLE_SIZE_BYTES                     ./drivers/fsl_common.o
__VECTOR_RAM                                      ./drivers/fsl_common.o
__VECTOR_TABLE                                    ./drivers/fsl_common.o
__Vectors                                         ./startup/startup_mkl25z4.o
__aeabi_cdcmpeq                                   c:/nxp/mcuxpressoide_11.2.0_4120/ide/plugins/com.nxp.mcuxpresso.tools.win32_11.2.0.202001021529/tools/bin/../lib/gcc/arm-none-eabi/9.2.1/thumb/v6-m/nofp\libcr_eabihelpers.a(double.o)
__aeabi_cdcmple                                   c:/nxp/mcuxpressoide_11.2.0_4120/ide/plugins/com.nxp.mcuxpresso.tools.win32_11.2.0.202001021529/tools/bin/../lib/gcc/arm-none-eabi/9.2.1/thumb/v6-m/nofp\libcr_eabihelpers.a(double.o)
__aeabi_cdrcmple                                  c:/nxp/mcuxpressoide_11.2.0_4120/ide/plugins/com.nxp.mcuxpresso.tools.win32_11.2.0.202001021529/tools/bin/../lib/gcc/arm-none-eabi/9.2.1/thumb/v6-m/nofp\libcr_eabihelpers.a(double.o)
__aeabi_d2f                                       c:/nxp/mcuxpressoide_11.2.0_4120/ide/plugins/com.nxp.mcuxpresso.tools.win32_11.2.0.202001021529/tools/bin/../lib/gcc/arm-none-eabi/9.2.1/thumb/v6-m/nofp\libcr_eabihelpers.a(double.o)
__aeabi_d2iz                                      c:/nxp/mcuxpressoide_11.2.0_4120/ide/plugins/com.nxp.mcuxpresso.tools.win32_11.2.0.202001021529/tools/bin/../lib/gcc/arm-none-eabi/9.2.1/thumb/v6-m/nofp\libcr_eabihelpers.a(double.o)
                                                  ./source/pwm.o
__aeabi_d2lz                                      c:/nxp/mcuxpressoide_11.2.0_4120/ide/plugins/com.nxp.mcuxpresso.tools.win32_11.2.0.202001021529/tools/bin/../lib/gcc/arm-none-eabi/9.2.1/thumb/v6-m/nofp\libcr_eabihelpers.a(double.o)
__aeabi_d2uiz                                     c:/nxp/mcuxpressoide_11.2.0_4120/ide/plugins/com.nxp.mcuxpresso.tools.win32_11.2.0.202001021529/tools/bin/../lib/gcc/arm-none-eabi/9.2.1/thumb/v6-m/nofp\libcr_eabihelpers.a(double.o)
__aeabi_d2ulz                                     c:/nxp/mcuxpressoide_11.2.0_4120/ide/plugins/com.nxp.mcuxpresso.tools.win32_11.2.0.202001021529/tools/bin/../lib/gcc/arm-none-eabi/9.2.1/thumb/v6-m/nofp\libcr_eabihelpers.a(double.o)
__aeabi_dadd                                      c:/nxp/mcuxpressoide_11.2.0_4120/ide/plugins/com.nxp.mcuxpresso.tools.win32_11.2.0.202001021529/tools/bin/../lib/gcc/arm-none-eabi/9.2.1/thumb/v6-m/nofp\libcr_eabihelpers.a(double.o)
                                                  ./source/pwm.o
__aeabi_dcmpeq                                    c:/nxp/mcuxpressoide_11.2.0_4120/ide/plugins/com.nxp.mcuxpresso.tools.win32_11.2.0.202001021529/tools/bin/../lib/gcc/arm-none-eabi/9.2.1/thumb/v6-m/nofp\libcr_eabihelpers.a(double.o)
__aeabi_dcmpge                                    c:/nxp/mcuxpressoide_11.2.0_4120/ide/plugins/com.nxp.mcuxpresso.tools.win32_11.2.0.202001021529/tools/bin/../lib/gcc/arm-none-eabi/9.2.1/thumb/v6-m/nofp\libcr_eabihelpers.a(double.o)
__aeabi_dcmpgt                                    c:/nxp/mcuxpressoide_11.2.0_4120/ide/plugins/com.nxp.mcuxpresso.tools.win32_11.2.0.202001021529/tools/bin/../lib/gcc/arm-none-eabi/9.2.1/thumb/v6-m/nofp\libcr_eabihelpers.a(double.o)