fsl_uart.c:192:13:UART_TransferIsRxRingBufferFull	0	static
fsl_uart.c:155:10:UART_GetInstance	0	static
fsl_uart.c:210:10:UART_Init	32	static
fsl_uart.c:325:6:UART_Deinit	8	static
fsl_uart.c:347:6:UART_GetDefaultConfig	0	static
fsl_uart.c:364:10:UART_SetBaudRate	32	static
fsl_uart.c:432:6:UART_EnableInterrupts	0	static
fsl_uart.c:447:6:UART_DisableInterrupts	0	static
fsl_uart.c:929:6:UART_TransferHandleIRQ	32	static
fsl_uart.c:462:10:UART_GetEnabledInterrupts	0	static
fsl_uart.c:475:10:UART_GetStatusFlags	0	static
fsl_uart.c:492:10:UART_ClearStatusFlags	8	static
fsl_uart.c:543:6:UART_WriteBlocking	0	static
fsl_uart.c:570:10:UART_ReadBlocking	20	static
fsl_uart.c:626:6:UART_TransferCreateHandle	24	static
fsl_uart.c:669:6:UART_TransferStartRingBuffer	8	static
fsl_uart.c:690:6:UART_TransferStopRingBuffer	16	static
fsl_uart.c:711:10:UART_TransferSendNonBlocking	8	static
fsl_uart.c:741:6:UART_TransferAbortSend	8	static
fsl_uart.c:751:10:UART_TransferGetSendCount	0	static
fsl_uart.c:766:10:UART_TransferReceiveNonBlocking	32	static
fsl_uart.c:888:6:UART_TransferAbortReceive	16	static
fsl_uart.c:909:10:UART_TransferGetReceiveCount	0	static
fsl_uart.c:1152:6:UART_TransferHandleErrorIRQ	0	static
fsl_uart.c:1173:6:UART1_DriverIRQHandler	8	static
fsl_uart.c:1178:6:UART1_RX_TX_DriverIRQHandler	8	static
fsl_uart.c:1185:6:UART2_DriverIRQHandler	8	static
fsl_uart.c:1190:6:UART2_RX_TX_DriverIRQHandler	8	static
